Archive member included because of file (symbol)

/home/jerzy/ARMtoolchains/gcc-arm-none-eabi-4_8-2013q4/bin/../lib/gcc/arm-none-eabi/4.8.3/../../../../arm-none-eabi/lib/armv7e-m/libg.a(lib_a-errno.o)
                              ./libs/misc/src/_sbrk.o (__errno)
/home/jerzy/ARMtoolchains/gcc-arm-none-eabi-4_8-2013q4/bin/../lib/gcc/arm-none-eabi/4.8.3/../../../../arm-none-eabi/lib/armv7e-m/libg.a(lib_a-impure.o)
                              /home/jerzy/ARMtoolchains/gcc-arm-none-eabi-4_8-2013q4/bin/../lib/gcc/arm-none-eabi/4.8.3/../../../../arm-none-eabi/lib/armv7e-m/libg.a(lib_a-errno.o) (_impure_ptr)
/home/jerzy/ARMtoolchains/gcc-arm-none-eabi-4_8-2013q4/bin/../lib/gcc/arm-none-eabi/4.8.3/../../../../arm-none-eabi/lib/armv7e-m/libg.a(lib_a-memset.o)
                              ./libs/StdPeriph/src/stm32f4xx_cryp_aes.o (memset)

Discarded input sections

 .text          0x00000000        0x0 ./src/main.o
 .data          0x00000000        0x0 ./src/main.o
 .bss           0x00000000        0x0 ./src/main.o
 .text          0x00000000        0x0 ./libs/misc/src/_sbrk.o
 .data          0x00000000        0x0 ./libs/misc/src/_sbrk.o
 .bss           0x00000000        0x0 ./libs/misc/src/_sbrk.o
 .text._sbrk    0x00000000       0x40 ./libs/misc/src/_sbrk.o
 .bss.current_heap_end.4278
                0x00000000        0x4 ./libs/misc/src/_sbrk.o
 .debug_info    0x00000000      0x121 ./libs/misc/src/_sbrk.o
 .debug_abbrev  0x00000000       0xb8 ./libs/misc/src/_sbrk.o
 .debug_loc     0x00000000       0x6e ./libs/misc/src/_sbrk.o
 .debug_aranges
                0x00000000       0x20 ./libs/misc/src/_sbrk.o
 .debug_ranges  0x00000000       0x10 ./libs/misc/src/_sbrk.o
 .debug_line    0x00000000       0xbc ./libs/misc/src/_sbrk.o
 .debug_str     0x00000000      0x207 ./libs/misc/src/_sbrk.o
 .comment       0x00000000       0x71 ./libs/misc/src/_sbrk.o
 .ARM.attributes
                0x00000000       0x33 ./libs/misc/src/_sbrk.o
 .debug_frame   0x00000000       0x28 ./libs/misc/src/_sbrk.o
 .text          0x00000000        0x0 ./libs/misc/src/_write.o
 .data          0x00000000        0x0 ./libs/misc/src/_write.o
 .bss           0x00000000        0x0 ./libs/misc/src/_write.o
 .text._write   0x00000000        0x6 ./libs/misc/src/_write.o
 .debug_info    0x00000000       0x7c ./libs/misc/src/_write.o
 .debug_abbrev  0x00000000       0x6d ./libs/misc/src/_write.o
 .debug_loc     0x00000000       0x21 ./libs/misc/src/_write.o
 .debug_aranges
                0x00000000       0x20 ./libs/misc/src/_write.o
 .debug_ranges  0x00000000       0x10 ./libs/misc/src/_write.o
 .debug_line    0x00000000       0x4c ./libs/misc/src/_write.o
 .debug_str     0x00000000      0x11c ./libs/misc/src/_write.o
 .comment       0x00000000       0x71 ./libs/misc/src/_write.o
 .ARM.attributes
                0x00000000       0x33 ./libs/misc/src/_write.o
 .debug_frame   0x00000000       0x20 ./libs/misc/src/_write.o
 .text          0x00000000        0x0 ./libs/misc/src/trace_impl.o
 .data          0x00000000        0x0 ./libs/misc/src/trace_impl.o
 .bss           0x00000000        0x0 ./libs/misc/src/trace_impl.o
 .text._write_trace_itm
                0x00000000       0x48 ./libs/misc/src/trace_impl.o
 .bss.isInitialised.4064
                0x00000000        0x4 ./libs/misc/src/trace_impl.o
 .debug_info    0x00000000       0x8c ./libs/misc/src/trace_impl.o
 .debug_abbrev  0x00000000       0x8b ./libs/misc/src/trace_impl.o
 .debug_loc     0x00000000       0x35 ./libs/misc/src/trace_impl.o
 .debug_aranges
                0x00000000       0x20 ./libs/misc/src/trace_impl.o
 .debug_ranges  0x00000000       0x10 ./libs/misc/src/trace_impl.o
 .debug_line    0x00000000       0x69 ./libs/misc/src/trace_impl.o
 .debug_str     0x00000000      0x138 ./libs/misc/src/trace_impl.o
 .comment       0x00000000       0x71 ./libs/misc/src/trace_impl.o
 .ARM.attributes
                0x00000000       0x33 ./libs/misc/src/trace_impl.o
 .debug_frame   0x00000000       0x28 ./libs/misc/src/trace_impl.o
 .text          0x00000000        0x0 ./libs/StdPeriph/src/misc.o
 .data          0x00000000        0x0 ./libs/StdPeriph/src/misc.o
 .bss           0x00000000        0x0 ./libs/StdPeriph/src/misc.o
 .text.NVIC_PriorityGroupConfig
                0x00000000       0x14 ./libs/StdPeriph/src/misc.o
 .text.NVIC_Init
                0x00000000       0x6c ./libs/StdPeriph/src/misc.o
 .text.NVIC_SetVectorTable
                0x00000000       0x14 ./libs/StdPeriph/src/misc.o
 .text.NVIC_SystemLPConfig
                0x00000000       0x18 ./libs/StdPeriph/src/misc.o
 .text.SysTick_CLKSourceConfig
                0x00000000       0x18 ./libs/StdPeriph/src/misc.o
 .debug_info    0x00000000      0x524 ./libs/StdPeriph/src/misc.o
 .debug_abbrev  0x00000000      0x156 ./libs/StdPeriph/src/misc.o
 .debug_loc     0x00000000      0x147 ./libs/StdPeriph/src/misc.o
 .debug_aranges
                0x00000000       0x40 ./libs/StdPeriph/src/misc.o
[...]
Memory Configuration

Name             Origin             Length             Attributes
RAM              0x20000000         0x00020000         xrw
CCMRAM           0x10000000         0x00010000         xrw
FLASH            0x08000000         0x00100000         xr
FLASHB1          0x00000000         0x00000000         xr
EXTMEMB0         0x00000000         0x00000000         xr
EXTMEMB1         0x00000000         0x00000000         xr
EXTMEMB2         0x00000000         0x00000000         xr
EXTMEMB3         0x00000000         0x00000000         xr
MEMORY_ARRAY     0x20002000         0x00000020         xrw
*default*        0x00000000         0xffffffff

Linker script and memory map

LOAD ./src/main.o
LOAD ./libs/misc/src/_sbrk.o
LOAD ./libs/misc/src/_write.o
LOAD ./libs/misc/src/trace_impl.o
LOAD ./libs/StdPeriph/src/misc.o
LOAD ./libs/StdPeriph/src/stm32f4xx_adc.o
LOAD ./libs/StdPeriph/src/stm32f4xx_can.o
LOAD ./libs/StdPeriph/src/stm32f4xx_crc.o
LOAD ./libs/StdPeriph/src/stm32f4xx_cryp.o
LOAD ./libs/StdPeriph/src/stm32f4xx_cryp_aes.o
LOAD ./libs/StdPeriph/src/stm32f4xx_cryp_des.o
LOAD ./libs/StdPeriph/src/stm32f4xx_cryp_tdes.o
LOAD ./libs/StdPeriph/src/stm32f4xx_dac.o
LOAD ./libs/StdPeriph/src/stm32f4xx_dbgmcu.o
LOAD ./libs/StdPeriph/src/stm32f4xx_dcmi.o
LOAD ./libs/StdPeriph/src/stm32f4xx_dma.o
LOAD ./libs/StdPeriph/src/stm32f4xx_dma2d.o
LOAD ./libs/StdPeriph/src/stm32f4xx_exti.o
LOAD ./libs/StdPeriph/src/stm32f4xx_flash.o
LOAD ./libs/StdPeriph/src/stm32f4xx_fmc.o
LOAD ./libs/StdPeriph/src/stm32f4xx_fsmc.o
LOAD ./libs/StdPeriph/src/stm32f4xx_gpio.o
LOAD ./libs/StdPeriph/src/stm32f4xx_hash.o
LOAD ./libs/StdPeriph/src/stm32f4xx_hash_md5.o
LOAD ./libs/StdPeriph/src/stm32f4xx_hash_sha1.o
LOAD ./libs/StdPeriph/src/stm32f4xx_i2c.o
LOAD ./libs/StdPeriph/src/stm32f4xx_iwdg.o
LOAD ./libs/StdPeriph/src/stm32f4xx_ltdc.o
LOAD ./libs/StdPeriph/src/stm32f4xx_pwr.o
LOAD ./libs/StdPeriph/src/stm32f4xx_rcc.o
LOAD ./libs/StdPeriph/src/stm32f4xx_rng.o
LOAD ./libs/StdPeriph/src/stm32f4xx_rtc.o
LOAD ./libs/StdPeriph/src/stm32f4xx_sai.o
LOAD ./libs/StdPeriph/src/stm32f4xx_sdio.o
LOAD ./libs/StdPeriph/src/stm32f4xx_spi.o
LOAD ./libs/StdPeriph/src/stm32f4xx_syscfg.o
LOAD ./libs/StdPeriph/src/stm32f4xx_tim.o
LOAD ./libs/StdPeriph/src/stm32f4xx_usart.o
LOAD ./libs/StdPeriph/src/stm32f4xx_wwdg.o
LOAD ./libs/CMSIS/src/startup_cm.o
LOAD ./libs/CMSIS/src/startup_stm32f4xx.o
LOAD ./libs/CMSIS/src/system_stm32f4xx.o
LOAD ./libs/CMSIS/src/vectors_stm32f4xx.o
START GROUP
LOAD /home/jerzy/ARMtoolchains/gcc-arm-none-eabi-4_8-2013q4/bin/../lib/gcc/arm-none-eabi/4.8.3/armv7e-m/libgcc.a
LOAD /home/jerzy/ARMtoolchains/gcc-arm-none-eabi-4_8-2013q4/bin/../lib/gcc/arm-none-eabi/4.8.3/../../../../arm-none-eabi/lib/armv7e-m/libg.a
LOAD /home/jerzy/ARMtoolchains/gcc-arm-none-eabi-4_8-2013q4/bin/../lib/gcc/arm-none-eabi/4.8.3/../../../../arm-none-eabi/lib/armv7e-m/libc.a
END GROUP
START GROUP
LOAD /home/jerzy/ARMtoolchains/gcc-arm-none-eabi-4_8-2013q4/bin/../lib/gcc/arm-none-eabi/4.8.3/armv7e-m/libgcc.a
LOAD /home/jerzy/ARMtoolchains/gcc-arm-none-eabi-4_8-2013q4/bin/../lib/gcc/arm-none-eabi/4.8.3/../../../../arm-none-eabi/lib/armv7e-m/libg.a
LOAD /home/jerzy/ARMtoolchains/gcc-arm-none-eabi-4_8-2013q4/bin/../lib/gcc/arm-none-eabi/4.8.3/../../../../arm-none-eabi/lib/armv7e-m/libc.a
LOAD /home/jerzy/ARMtoolchains/gcc-arm-none-eabi-4_8-2013q4/bin/../lib/gcc/arm-none-eabi/4.8.3/../../../../arm-none-eabi/lib/armv7e-m/libm.a
LOAD /home/jerzy/ARMtoolchains/gcc-arm-none-eabi-4_8-2013q4/bin/../lib/gcc/arm-none-eabi/4.8.3/../../../../arm-none-eabi/lib/armv7e-m/libnosys.a
END GROUP
                0x20020000                __stack = (ORIGIN (RAM) + 0x20000)
                0x20020000                _estack = __stack
                0x00000400                __Main_Stack_Size = 0x400
                0x00000400                PROVIDE (_Main_Stack_Size, __Main_Stack_Size)
                0x2001fc00                __Main_Stack_Limit = (__stack - __Main_Stack_Size)
                0x2001fc00                PROVIDE (_Main_Stack_Limit, __Main_Stack_Limit)
                0x00000100                _Minimum_Stack_Size = 0x100
                0x20000014                PROVIDE (_Heap_Begin, _end_noinit)
                0x2001fc00                PROVIDE (_Heap_Limit, (__stack - _Main_Stack_Size))

.isr_vector     0x08000000      0x1f4
                0x08000000                . = ALIGN (0x4)
 *(.isr_vector)
 .isr_vector    0x08000000      0x188 ./libs/CMSIS/src/vectors_stm32f4xx.o
                0x08000000                g_pfnVectors
 *(.after_vectors .after_vectors.*)
 .after_vectors
                0x08000188       0x58 ./libs/CMSIS/src/startup_cm.o
                0x08000188                system_init
                0x080001b0                Reset_Handler
 .after_vectors
                0x080001e0       0x14 ./libs/CMSIS/src/vectors_stm32f4xx.o
                0x080001e0                RTC_Alarm_IRQHandler
                0x080001e0                HASH_RNG_IRQHandler
                0x080001e0                EXTI2_IRQHandler
                0x080001e0                TIM8_CC_IRQHandler
                0x080001e0                TIM1_CC_IRQHandler
                0x080001e0                DMA2_Stream5_IRQHandler
                0x080001e0                DMA1_Stream5_IRQHandler
                0x080001e0                PVD_IRQHandler
                0x080001e0                SDIO_IRQHandler
                0x080001e0                TAMP_STAMP_IRQHandler
                0x080001e0                CAN2_RX1_IRQHandler
                0x080001e0                EXTI3_IRQHandler
                0x080001e0                TIM8_TRG_COM_TIM14_IRQHandler
                0x080001e0                TIM1_UP_TIM10_IRQHandler
                0x080001e0                TIM8_UP_TIM13_IRQHandler
                0x080001e0                I2C3_ER_IRQHandler
                0x080001e0                EXTI0_IRQHandler
                0x080001e0                I2C2_EV_IRQHandler
                0x080001e0                DMA1_Stream2_IRQHandler
                0x080001e0                CAN1_RX0_IRQHandler
                0x080001e0                FPU_IRQHandler
                0x080001e0                OTG_HS_WKUP_IRQHandler
                0x080001e0                CAN2_SCE_IRQHandler
                0x080001e0                DMA2_Stream2_IRQHandler
                0x080001e0                SPI1_IRQHandler
                0x080001e0                TIM6_DAC_IRQHandler
                0x080001e0                TIM1_BRK_TIM9_IRQHandler
                0x080001e0                DCMI_IRQHandler
                0x080001e0                CAN2_RX0_IRQHandler
                0x080001e0                DMA2_Stream3_IRQHandler
                0x080001e0                USART6_IRQHandler
                0x080001e0                USART3_IRQHandler
                0x080001e0                CRYP_IRQHandler
                0x080001e0                CAN1_RX1_IRQHandler
                0x080001e0                UART5_IRQHandler
                0x080001e0                DMA2_Stream0_IRQHandler
                0x080001e0                TIM4_IRQHandler
                0x080001e0                I2C1_EV_IRQHandler
                0x080001e0                DMA1_Stream6_IRQHandler
                0x080001e0                DMA1_Stream1_IRQHandler
                0x080001e0                UART4_IRQHandler
                0x080001e0                TIM3_IRQHandler
                0x080001e0                RCC_IRQHandler
                0x080001e0                TIM8_BRK_TIM12_IRQHandler
                0x080001e0                Default_Handler
                0x080001e0                EXTI15_10_IRQHandler
                0x080001e0                ADC_IRQHandler
                0x080001e0                DMA1_Stream7_IRQHandler
                0x080001e0                TIM7_IRQHandler
                0x080001e0                CAN2_TX_IRQHandler
                0x080001e0                TIM5_IRQHandler
                0x080001e0                DMA2_Stream7_IRQHandler
                0x080001e0                I2C3_EV_IRQHandler
                0x080001e0                EXTI9_5_IRQHandler
                0x080001e0                RTC_WKUP_IRQHandler
                0x080001e0                ETH_WKUP_IRQHandler
                0x080001e0                SPI2_IRQHandler
                0x080001e0                OTG_HS_EP1_IN_IRQHandler
                0x080001e0                DMA1_Stream0_IRQHandler
                0x080001e0                CAN1_TX_IRQHandler
                0x080001e0                EXTI4_IRQHandler
                0x080001e0                FSMC_IRQHandler
                0x080001e0                ETH_IRQHandler
                0x080001e0                OTG_HS_EP1_OUT_IRQHandler
                0x080001e0                WWDG_IRQHandler
                0x080001e0                TIM2_IRQHandler
                0x080001e0                OTG_FS_WKUP_IRQHandler
                0x080001e0                TIM1_TRG_COM_TIM11_IRQHandler
                0x080001e0                OTG_HS_IRQHandler
                0x080001e0                EXTI1_IRQHandler
                0x080001e0                USART2_IRQHandler
                0x080001e0                I2C2_ER_IRQHandler
                0x080001e0                DMA2_Stream1_IRQHandler
                0x080001e0                CAN1_SCE_IRQHandler
                0x080001e0                FLASH_IRQHandler
                0x080001e0                DMA2_Stream4_IRQHandler
                0x080001e0                USART1_IRQHandler
                0x080001e0                OTG_FS_IRQHandler
                0x080001e0                SPI3_IRQHandler
                0x080001e0                DMA1_Stream4_IRQHandler
                0x080001e0                I2C1_ER_IRQHandler
                0x080001e0                DMA2_Stream6_IRQHandler
                0x080001e0                DMA1_Stream3_IRQHandler
                0x080001e2                NMI_Handler
                0x080001e4                HardFault_Handler
                0x080001e6                MemManage_Handler
                0x080001e8                BusFault_Handler
                0x080001ea                UsageFault_Handler
                0x080001ec                SVC_Handler
                0x080001ee                DebugMon_Handler
                0x080001f0                PendSV_Handler
                0x080001f4                . = ALIGN (0x4)

._inits         0x080001f4        0x4
                0x080001f4                . = ALIGN (0x4)
 *(.init)
 *(.fini)
                0x080001f4                . = ALIGN (0x4)
                0x080001f4                PROVIDE (__preinit_array_start, .)
 *(.preinit_array_sysinit .preinit_array_sysinit.*)
 .preinit_array_sysinit
                0x080001f4        0x4 ./libs/CMSIS/src/startup_cm.o
                0x080001f4                p_system_init
 *(.preinit_array_platform .preinit_array_platform.*)
 *(.preinit_array .preinit_array.*)
                0x080001f8                PROVIDE (__preinit_array_end, .)
                0x080001f8                . = ALIGN (0x4)
                0x080001f8                PROVIDE (__init_array_start, .)
 *(SORT(.init_array.*))
 *(.init_array)
                0x080001f8                PROVIDE (__init_array_end, .)
                0x080001f8                . = ALIGN (0x4)
                0x080001f8                PROVIDE (__fini_array_start, .)
 *(SORT(.fini_array.*))
 *(.fini_array)
                0x080001f8                PROVIDE (__fini_array_end, .)
                0x080001f8                . = ALIGN (0x4)

.flashtext      0x080001f8        0x0
                0x080001f8                . = ALIGN (0x4)
 *(.flashtext .flashtext.*)
                0x080001f8                . = ALIGN (0x4)

.text           0x080001f8      0x358
                0x080001f8                . = ALIGN (0x4)
 *(.text .text.*)
 .text.startup.main
                0x080001f8       0xa0 ./src/main.o
                0x080001f8                main
 .text.SysTick_Handler
                0x08000298       0x14 ./src/main.o
                0x08000298                SysTick_Handler
 .text.GPIO_Init
                0x080002ac       0x82 ./libs/StdPeriph/src/stm32f4xx_gpio.o
                0x080002ac                GPIO_Init
 .text.GPIO_SetBits
                0x0800032e        0x4 ./libs/StdPeriph/src/stm32f4xx_gpio.o
                0x0800032e                GPIO_SetBits
 .text.GPIO_ResetBits
                0x08000332        0x4 ./libs/StdPeriph/src/stm32f4xx_gpio.o
                0x08000332                GPIO_ResetBits
 *fill*         0x08000336        0x2 
 .text.RCC_GetClocksFreq
                0x08000338       0x88 ./libs/StdPeriph/src/stm32f4xx_rcc.o
                0x08000338                RCC_GetClocksFreq
 .text.RCC_AHB1PeriphClockCmd
                0x080003c0       0x18 ./libs/StdPeriph/src/stm32f4xx_rcc.o
                0x080003c0                RCC_AHB1PeriphClockCmd
 .text.__libc_init_array
                0x080003d8       0x48 ./libs/CMSIS/src/startup_cm.o
                0x080003d8                __libc_init_array
 .text.__libc_fini_array
                0x08000420       0x24 ./libs/CMSIS/src/startup_cm.o
                0x08000420                __libc_fini_array
 .text._exit    0x08000444       0x20 ./libs/CMSIS/src/startup_stm32f4xx.o
                0x08000444                _exit
 .text.SystemInit
                0x08000464       0xec ./libs/CMSIS/src/system_stm32f4xx.o
                0x08000464                SystemInit
 *(.rodata .rodata.*)
 *(.eh_frame*)
 *(.glue_7)
 .glue_7        0x00000000        0x0 linker stubs
 *(.glue_7t)
 .glue_7t       0x00000000        0x0 linker stubs

.vfp11_veneer   0x08000550        0x0
 .vfp11_veneer  0x00000000        0x0 linker stubs

.v4_bx          0x08000550        0x0
 .v4_bx         0x00000000        0x0 linker stubs

.iplt           0x08000550        0x0
 .iplt          0x00000000        0x0 ./src/main.o

.rel.dyn        0x08000550        0x0
 .rel.iplt      0x00000000        0x0 ./src/main.o

.ARM.extab
 *(.ARM.extab* .gnu.linkonce.armextab.*)
                0x08000550                __exidx_start = .

.ARM.exidx
 *(.ARM.exidx* .gnu.linkonce.armexidx.*)
                0x08000550                __exidx_end = .
                0x08000550                . = ALIGN (0x4)
                0x08000550                _etext = .
                0x08000550                _sidata = _etext

.ROarraySection
 *(.ROarraySection .ROarraySection.*)

.data           0x20000000       0x10 load address 0x08000550
                0x20000000                . = ALIGN (0x4)
                0x20000000                _sdata = .
                0x20000000                __data_start__ = .
 *(vtable)
 *(EXCLUDE_FILE(*rdimon-crt0.o) .data .data.*)
 .data.APBAHBPrescTable
                0x20000000       0x10 ./libs/StdPeriph/src/stm32f4xx_rcc.o
                0x20000010                . = ALIGN (0x4)
                0x20000010                _edata = .
                0x20000010                __data_end__ = .

.igot.plt       0x20000010        0x0 load address 0x08000560
 .igot.plt      0x00000000        0x0 ./src/main.o

.bss            0x20000010        0x4 load address 0x08000560
                0x20000010                . = ALIGN (0x4)
 *rdimon-crt0.o(.data)
                0x20000010                . = ALIGN (0x4)
                0x20000010                __bss_start__ = .
                0x20000010                _sbss = .
 *(.bss .bss.*)
 .bss.uwTimingDelay
                0x20000010        0x4 ./src/main.o
 *(COMMON)
                0x20000014                . = ALIGN (0x4)
                0x20000014                __bss_end__ = .
                0x20000014                _ebss = .

.noinit         0x20000014        0x0
                0x20000014                . = ALIGN (0x4)
                0x20000014                _noinit = .
 *(.noinit .noinit.*)
                0x20000014                . = ALIGN (0x4)
                0x20000014                _end_noinit = .
                0x20000014                PROVIDE (end, _end_noinit)
                0x20000014                PROVIDE (_end, _end_noinit)
                0x20000014                PROVIDE (__end, _end_noinit)
                0x20000014                PROVIDE (__end__, _end_noinit)

._check_stack   0x20000014      0x100 load address 0x08000564
                0x20000014                . = ALIGN (0x4)
                0x20000114                . = (. + _Minimum_Stack_Size)
 *fill*         0x20000014      0x100 
                0x20000114                . = ALIGN (0x4)

.bss_CCMRAM
 *(.bss.CCMRAM .bss.CCMRAM.*)

.b1text
 *(.b1text)
 *(.b1rodata)
 *(.b1rodata.*)

.eb0text
 *(.eb0text)
 *(.eb0rodata)
 *(.eb0rodata.*)

.eb1text
 *(.eb1text)
 *(.eb1rodata)
 *(.eb1rodata.*)

.eb2text
 *(.eb2text)
 *(.eb2rodata)
 *(.eb2rodata.*)

.eb3text
 *(.eb3text)
 *(.eb3rodata)
 *(.eb3rodata.*)

.stab
 *(.stab)

.stabstr
 *(.stabstr)

.stab.excl
 *(.stab.excl)

.stab.exclstr
 *(.stab.exclstr)

.stab.index
 *(.stab.index)

.stab.indexstr
 *(.stab.indexstr)

.comment        0x00000000       0x70
 *(.comment)
 .comment       0x00000000       0x70 ./src/main.o
                                 0x71 (size before relaxing)
 .comment       0x00000000       0x71 ./libs/StdPeriph/src/stm32f4xx_gpio.o
 .comment       0x00000000       0x71 ./libs/StdPeriph/src/stm32f4xx_rcc.o
 .comment       0x00000000       0x71 ./libs/CMSIS/src/startup_cm.o
 .comment       0x00000000       0x71 ./libs/CMSIS/src/startup_stm32f4xx.o
 .comment       0x00000000       0x71 ./libs/CMSIS/src/system_stm32f4xx.o
 .comment       0x00000000       0x71 ./libs/CMSIS/src/vectors_stm32f4xx.o

.ARM.attributes
                0x00000000       0x33
 .ARM.attributes
                0x00000000       0x33 ./src/main.o
 .ARM.attributes
                0x00000033       0x33 ./libs/StdPeriph/src/stm32f4xx_gpio.o
 .ARM.attributes
                0x00000066       0x33 ./libs/StdPeriph/src/stm32f4xx_rcc.o
 .ARM.attributes
                0x00000099       0x33 ./libs/CMSIS/src/startup_cm.o
 .ARM.attributes
                0x000000cc       0x33 ./libs/CMSIS/src/startup_stm32f4xx.o
 .ARM.attributes
                0x000000ff       0x33 ./libs/CMSIS/src/system_stm32f4xx.o
 .ARM.attributes
                0x00000132       0x33 ./libs/CMSIS/src/vectors_stm32f4xx.o

.debug
 *(.debug)

.line
 *(.line)

.debug_srcinfo
 *(.debug_srcinfo)

.debug_sfnames
 *(.debug_sfnames)

.debug_aranges  0x00000000      0x350
 *(.debug_aranges)
 .debug_aranges
                0x00000000       0x28 ./src/main.o
 .debug_aranges
                0x00000028       0x88 ./libs/StdPeriph/src/stm32f4xx_gpio.o
 .debug_aranges
                0x000000b0      0x1b8 ./libs/StdPeriph/src/stm32f4xx_rcc.o
 .debug_aranges
                0x00000268       0x38 ./libs/CMSIS/src/startup_cm.o
 .debug_aranges
                0x000002a0       0x20 ./libs/CMSIS/src/startup_stm32f4xx.o
 .debug_aranges
                0x000002c0       0x28 ./libs/CMSIS/src/system_stm32f4xx.o
 .debug_aranges
                0x000002e8       0x68 ./libs/CMSIS/src/vectors_stm32f4xx.o

.debug_pubnames
 *(.debug_pubnames)

.debug_info     0x00000000     0x2c0f
 *(.debug_info .gnu.linkonce.wi.*)
 .debug_info    0x00000000      0xa5e ./src/main.o
 .debug_info    0x00000a5e      0x71b ./libs/StdPeriph/src/stm32f4xx_gpio.o
 .debug_info    0x00001179      0xe24 ./libs/StdPeriph/src/stm32f4xx_rcc.o
 .debug_info    0x00001f9d      0x2ef ./libs/CMSIS/src/startup_cm.o
 .debug_info    0x0000228c      0x29c ./libs/CMSIS/src/startup_stm32f4xx.o
 .debug_info    0x00002528      0x5b6 ./libs/CMSIS/src/system_stm32f4xx.o
 .debug_info    0x00002ade      0x131 ./libs/CMSIS/src/vectors_stm32f4xx.o

.debug_abbrev   0x00000000      0xac4
 *(.debug_abbrev)
 .debug_abbrev  0x00000000      0x27c ./src/main.o
 .debug_abbrev  0x0000027c      0x1e8 ./libs/StdPeriph/src/stm32f4xx_gpio.o
 .debug_abbrev  0x00000464      0x1e2 ./libs/StdPeriph/src/stm32f4xx_rcc.o
 .debug_abbrev  0x00000646      0x1b4 ./libs/CMSIS/src/startup_cm.o
 .debug_abbrev  0x000007fa       0xf6 ./libs/CMSIS/src/startup_stm32f4xx.o
 .debug_abbrev  0x000008f0      0x145 ./libs/CMSIS/src/system_stm32f4xx.o
 .debug_abbrev  0x00000a35       0x8f ./libs/CMSIS/src/vectors_stm32f4xx.o

.debug_line     0x00000000      0xcb7
 *(.debug_line)
 .debug_line    0x00000000      0x16f ./src/main.o
 .debug_line    0x0000016f      0x261 ./libs/StdPeriph/src/stm32f4xx_gpio.o
 .debug_line    0x000003d0      0x531 ./libs/StdPeriph/src/stm32f4xx_rcc.o
 .debug_line    0x00000901      0x123 ./libs/CMSIS/src/startup_cm.o
 .debug_line    0x00000a24       0xf7 ./libs/CMSIS/src/startup_stm32f4xx.o
 .debug_line    0x00000b1b      0x13b ./libs/CMSIS/src/system_stm32f4xx.o
 .debug_line    0x00000c56       0x61 ./libs/CMSIS/src/vectors_stm32f4xx.o

.debug_frame    0x00000000      0x630
 *(.debug_frame)
 .debug_frame   0x00000000       0x3c ./src/main.o
 .debug_frame   0x0000003c      0x114 ./libs/StdPeriph/src/stm32f4xx_gpio.o
 .debug_frame   0x00000150      0x36c ./libs/StdPeriph/src/stm32f4xx_rcc.o
 .debug_frame   0x000004bc       0x70 ./libs/CMSIS/src/startup_cm.o
 .debug_frame   0x0000052c       0x20 ./libs/CMSIS/src/startup_stm32f4xx.o
 .debug_frame   0x0000054c       0x34 ./libs/CMSIS/src/system_stm32f4xx.o
 .debug_frame   0x00000580       0xb0 ./libs/CMSIS/src/vectors_stm32f4xx.o

.debug_str      0x00000000     0x1592
 *(.debug_str)
 .debug_str     0x00000000      0xa41 ./src/main.o
                                0xa8d (size before relaxing)
 .debug_str     0x00000a41      0x17b ./libs/StdPeriph/src/stm32f4xx_gpio.o
                                0x4f4 (size before relaxing)
 .debug_str     0x00000bbc      0x6de ./libs/StdPeriph/src/stm32f4xx_rcc.o
                                0x9c2 (size before relaxing)
 .debug_str     0x0000129a      0x151 ./libs/CMSIS/src/startup_cm.o
                                0x2f6 (size before relaxing)
 .debug_str     0x000013eb       0x3d ./libs/CMSIS/src/startup_stm32f4xx.o
                                0x24a (size before relaxing)
 .debug_str     0x00001428       0x9f ./libs/CMSIS/src/system_stm32f4xx.o
                                0x3f3 (size before relaxing)
 .debug_str     0x000014c7       0xcb ./libs/CMSIS/src/vectors_stm32f4xx.o
                                0x1e7 (size before relaxing)

.debug_loc      0x00000000     0x11a0
 *(.debug_loc)
 .debug_loc     0x00000000       0x71 ./src/main.o
 .debug_loc     0x00000071      0x37b ./libs/StdPeriph/src/stm32f4xx_gpio.o
 .debug_loc     0x000003ec      0xbae ./libs/StdPeriph/src/stm32f4xx_rcc.o
 .debug_loc     0x00000f9a      0x14f ./libs/CMSIS/src/startup_cm.o
 .debug_loc     0x000010e9       0xb7 ./libs/CMSIS/src/system_stm32f4xx.o

.debug_macinfo
 *(.debug_macinfo)

.debug_weaknames
 *(.debug_weaknames)

.debug_funcnames
 *(.debug_funcnames)

.debug_typenames
 *(.debug_typenames)

.debug_varnames
 *(.debug_varnames)
OUTPUT(blinkLED.elf elf32-littlearm)

.debug_ranges   0x00000000      0x310
 .debug_ranges  0x00000000       0x30 ./src/main.o
 .debug_ranges  0x00000030       0x78 ./libs/StdPeriph/src/stm32f4xx_gpio.o
 .debug_ranges  0x000000a8      0x1a8 ./libs/StdPeriph/src/stm32f4xx_rcc.o
 .debug_ranges  0x00000250       0x28 ./libs/CMSIS/src/startup_cm.o
 .debug_ranges  0x00000278       0x10 ./libs/CMSIS/src/startup_stm32f4xx.o
 .debug_ranges  0x00000288       0x30 ./libs/CMSIS/src/system_stm32f4xx.o
 .debug_ranges  0x000002b8       0x58 ./libs/CMSIS/src/vectors_stm32f4xx.o
