Archive member included because of file (symbol)

/home/jerzy/ARMtoolchains/gcc-arm-none-eabi-4_8-2013q4/bin/../lib/gcc/arm-none-eabi/4.8.3/../../../../arm-none-eabi/lib/armv7e-m/softfp/libg.a(lib_a-errno.o)
                              ./libs/misc/src/_sbrk.o (__errno)
/home/jerzy/ARMtoolchains/gcc-arm-none-eabi-4_8-2013q4/bin/../lib/gcc/arm-none-eabi/4.8.3/../../../../arm-none-eabi/lib/armv7e-m/softfp/libg.a(lib_a-impure.o)
                              /home/jerzy/ARMtoolchains/gcc-arm-none-eabi-4_8-2013q4/bin/../lib/gcc/arm-none-eabi/4.8.3/../../../../arm-none-eabi/lib/armv7e-m/softfp/libg.a(lib_a-errno.o) (_impure_ptr)
/home/jerzy/ARMtoolchains/gcc-arm-none-eabi-4_8-2013q4/bin/../lib/gcc/arm-none-eabi/4.8.3/../../../../arm-none-eabi/lib/armv7e-m/softfp/libg.a(lib_a-memcmp.o)
                              ./FreeRTOS/Source/tasks.o (memcmp)
/home/jerzy/ARMtoolchains/gcc-arm-none-eabi-4_8-2013q4/bin/../lib/gcc/arm-none-eabi/4.8.3/../../../../arm-none-eabi/lib/armv7e-m/softfp/libg.a(lib_a-memcpy.o)
                              ./FreeRTOS/Source/queue.o (memcpy)
/home/jerzy/ARMtoolchains/gcc-arm-none-eabi-4_8-2013q4/bin/../lib/gcc/arm-none-eabi/4.8.3/../../../../arm-none-eabi/lib/armv7e-m/softfp/libg.a(lib_a-memset.o)
                              ./FreeRTOS/Source/tasks.o (memset)

Allocating common symbols
Common symbol       size              file

xQueueRegistry      0x40              ./FreeRTOS/Source/queue.o
NVIC_InitStructure  0x4               ./FreeRTOS/Settings/board/stm32f4_discovery.o

Discarded input sections

 .group         0x00000000        0x8 ./src/ParTest.o
 .group         0x00000000        0x8 ./src/ParTest.o
 .group         0x00000000        0x8 ./src/ParTest.o
 .group         0x00000000        0x8 ./src/ParTest.o
 .group         0x00000000        0x8 ./src/ParTest.o
 .group         0x00000000        0x8 ./src/ParTest.o
 .group         0x00000000        0x8 ./src/ParTest.o
 .group         0x00000000        0x8 ./src/ParTest.o
 .group         0x00000000        0x8 ./src/ParTest.o
 .group         0x00000000        0x8 ./src/ParTest.o
 .group         0x00000000        0x8 ./src/ParTest.o
 .group         0x00000000        0x8 ./src/ParTest.o
 .group         0x00000000        0x8 ./src/ParTest.o
 .group         0x00000000        0x8 ./src/ParTest.o
 .group         0x00000000        0x8 ./src/ParTest.o
 .group         0x00000000        0x8 ./src/ParTest.o
 .group         0x00000000        0x8 ./src/ParTest.o
 .group         0x00000000        0x8 ./src/ParTest.o
 .group         0x00000000        0x8 ./src/ParTest.o
 .group         0x00000000        0x8 ./src/ParTest.o
 .group         0x00000000        0x8 ./src/ParTest.o
 .group         0x00000000        0x8 ./src/ParTest.o
 .group         0x00000000        0x8 ./src/ParTest.o
 .group         0x00000000        0x8 ./src/ParTest.o
 .group         0x00000000        0x8 ./src/ParTest.o
 .group         0x00000000        0x8 ./src/ParTest.o
 .group         0x00000000        0x8 ./src/ParTest.o
 .group         0x00000000        0x8 ./src/ParTest.o
 .group         0x00000000        0x8 ./src/ParTest.o
 .group         0x00000000        0x8 ./src/ParTest.o
 .group         0x00000000        0x8 ./src/ParTest.o
 .group         0x00000000        0x8 ./src/ParTest.o
 .group         0x00000000        0x8 ./src/ParTest.o
 .group         0x00000000        0x8 ./src/ParTest.o
 .group         0x00000000        0x8 ./src/ParTest.o
 .group         0x00000000        0x8 ./src/ParTest.o
 .group         0x00000000        0x8 ./src/ParTest.o
 .group         0x00000000        0x8 ./src/ParTest.o
 .group         0x00000000        0x8 ./src/ParTest.o
 .group         0x00000000        0x8 ./src/ParTest.o
 .group         0x00000000        0x8 ./src/ParTest.o
 .group         0x00000000        0x8 ./src/ParTest.o
 .group         0x00000000        0x8 ./src/ParTest.o
 .group         0x00000000        0x8 ./src/ParTest.o
 .group         0x00000000        0x8 ./src/ParTest.o
 .group         0x00000000        0x8 ./src/ParTest.o
 .group         0x00000000        0x8 ./src/ParTest.o
 .group         0x00000000        0x8 ./src/ParTest.o
 .group         0x00000000        0x8 ./src/ParTest.o
 .group         0x00000000        0x8 ./src/ParTest.o
 .text          0x00000000        0x0 ./src/ParTest.o
 .data          0x00000000        0x0 ./src/ParTest.o
 .bss           0x00000000        0x0 ./src/ParTest.o
 .text.vParTestSetLED
                0x00000000       0x40 ./src/ParTest.o
 .group         0x00000000        0x8 ./src/flash.o
 .group         0x00000000        0x8 ./src/flash.o
 .group         0x00000000        0x8 ./src/flash.o
 .group         0x00000000        0x8 ./src/flash.o
 .group         0x00000000        0x8 ./src/flash.o
 .group         0x00000000        0x8 ./src/flash.o
 .group         0x00000000        0x8 ./src/flash.o
 .group         0x00000000        0x8 ./src/flash.o
 .group         0x00000000        0x8 ./src/flash.o
[...]
Memory Configuration

Name             Origin             Length             Attributes
RAM              0x20000000         0x00020000         xrw
CCMRAM           0x10000000         0x00010000         xrw
FLASH            0x08000000         0x00100000         xr
FLASHB1          0x00000000         0x00000000         xr
EXTMEMB0         0x00000000         0x00000000         xr
EXTMEMB1         0x00000000         0x00000000         xr
EXTMEMB2         0x00000000         0x00000000         xr
EXTMEMB3         0x00000000         0x00000000         xr
MEMORY_ARRAY     0x20002000         0x00000020         xrw
*default*        0x00000000         0xffffffff

Linker script and memory map

LOAD ./src/ParTest.o
LOAD ./src/flash.o
LOAD ./src/main.o
LOAD ./libs/misc/src/_sbrk.o
LOAD ./libs/misc/src/_write.o
LOAD ./libs/misc/src/trace_impl.o
LOAD ./libs/StdPeriph/src/misc.o
LOAD ./libs/StdPeriph/src/stm32f4xx_adc.o
LOAD ./libs/StdPeriph/src/stm32f4xx_can.o
LOAD ./libs/StdPeriph/src/stm32f4xx_crc.o
LOAD ./libs/StdPeriph/src/stm32f4xx_cryp.o
LOAD ./libs/StdPeriph/src/stm32f4xx_cryp_aes.o
LOAD ./libs/StdPeriph/src/stm32f4xx_cryp_des.o
LOAD ./libs/StdPeriph/src/stm32f4xx_cryp_tdes.o
LOAD ./libs/StdPeriph/src/stm32f4xx_dac.o
LOAD ./libs/StdPeriph/src/stm32f4xx_dbgmcu.o
LOAD ./libs/StdPeriph/src/stm32f4xx_dcmi.o
LOAD ./libs/StdPeriph/src/stm32f4xx_dma.o
LOAD ./libs/StdPeriph/src/stm32f4xx_dma2d.o
LOAD ./libs/StdPeriph/src/stm32f4xx_exti.o
LOAD ./libs/StdPeriph/src/stm32f4xx_flash.o
LOAD ./libs/StdPeriph/src/stm32f4xx_fmc.o
LOAD ./libs/StdPeriph/src/stm32f4xx_fsmc.o
LOAD ./libs/StdPeriph/src/stm32f4xx_gpio.o
LOAD ./libs/StdPeriph/src/stm32f4xx_hash.o
LOAD ./libs/StdPeriph/src/stm32f4xx_hash_md5.o
LOAD ./libs/StdPeriph/src/stm32f4xx_hash_sha1.o
LOAD ./libs/StdPeriph/src/stm32f4xx_i2c.o
LOAD ./libs/StdPeriph/src/stm32f4xx_iwdg.o
LOAD ./libs/StdPeriph/src/stm32f4xx_ltdc.o
LOAD ./libs/StdPeriph/src/stm32f4xx_pwr.o
LOAD ./libs/StdPeriph/src/stm32f4xx_rcc.o
LOAD ./libs/StdPeriph/src/stm32f4xx_rng.o
LOAD ./libs/StdPeriph/src/stm32f4xx_rtc.o
LOAD ./libs/StdPeriph/src/stm32f4xx_sai.o
LOAD ./libs/StdPeriph/src/stm32f4xx_sdio.o
LOAD ./libs/StdPeriph/src/stm32f4xx_spi.o
LOAD ./libs/StdPeriph/src/stm32f4xx_syscfg.o
LOAD ./libs/StdPeriph/src/stm32f4xx_tim.o
LOAD ./libs/StdPeriph/src/stm32f4xx_usart.o
LOAD ./libs/StdPeriph/src/stm32f4xx_wwdg.o
LOAD ./libs/CMSIS/src/startup_cm.o
LOAD ./libs/CMSIS/src/startup_stm32f4xx.o
LOAD ./libs/CMSIS/src/system_stm32f4xx.o
LOAD ./libs/CMSIS/src/vectors_stm32f4xx.o
LOAD ./FreeRTOS/Source/portable/MemMang/heap_1.o
LOAD ./FreeRTOS/Source/portable/GCC/ARM_CM4F/port.o
LOAD ./FreeRTOS/Source/croutine.o
LOAD ./FreeRTOS/Source/event_groups.o
LOAD ./FreeRTOS/Source/list.o
LOAD ./FreeRTOS/Source/queue.o
LOAD ./FreeRTOS/Source/tasks.o
LOAD ./FreeRTOS/Source/timers.o
LOAD ./FreeRTOS/Settings/board/stm32f4_discovery.o
START GROUP
LOAD /home/jerzy/ARMtoolchains/gcc-arm-none-eabi-4_8-2013q4/bin/../lib/gcc/arm-none-eabi/4.8.3/armv7e-m/softfp/libgcc.a
LOAD /home/jerzy/ARMtoolchains/gcc-arm-none-eabi-4_8-2013q4/bin/../lib/gcc/arm-none-eabi/4.8.3/../../../../arm-none-eabi/lib/armv7e-m/softfp/libg.a
LOAD /home/jerzy/ARMtoolchains/gcc-arm-none-eabi-4_8-2013q4/bin/../lib/gcc/arm-none-eabi/4.8.3/../../../../arm-none-eabi/lib/armv7e-m/softfp/libc.a
END GROUP
START GROUP
LOAD /home/jerzy/ARMtoolchains/gcc-arm-none-eabi-4_8-2013q4/bin/../lib/gcc/arm-none-eabi/4.8.3/armv7e-m/softfp/libgcc.a
LOAD /home/jerzy/ARMtoolchains/gcc-arm-none-eabi-4_8-2013q4/bin/../lib/gcc/arm-none-eabi/4.8.3/../../../../arm-none-eabi/lib/armv7e-m/softfp/libg.a
LOAD /home/jerzy/ARMtoolchains/gcc-arm-none-eabi-4_8-2013q4/bin/../lib/gcc/arm-none-eabi/4.8.3/../../../../arm-none-eabi/lib/armv7e-m/softfp/libc.a
LOAD /home/jerzy/ARMtoolchains/gcc-arm-none-eabi-4_8-2013q4/bin/../lib/gcc/arm-none-eabi/4.8.3/../../../../arm-none-eabi/lib/armv7e-m/softfp/libm.a
LOAD /home/jerzy/ARMtoolchains/gcc-arm-none-eabi-4_8-2013q4/bin/../lib/gcc/arm-none-eabi/4.8.3/../../../../arm-none-eabi/lib/armv7e-m/softfp/libnosys.a
END GROUP
                0x20020000                __stack = (ORIGIN (RAM) + 0x20000)
                0x20020000                _estack = __stack
                0x00000400                __Main_Stack_Size = 0x400
                0x00000400                PROVIDE (_Main_Stack_Size, __Main_Stack_Size)
                0x2001fc00                __Main_Stack_Limit = (__stack - __Main_Stack_Size)
                0x2001fc00                PROVIDE (_Main_Stack_Limit, __Main_Stack_Limit)
                0x00000100                _Minimum_Stack_Size = 0x100
                0x20012db0                PROVIDE (_Heap_Begin, _end_noinit)
                0x2001fc00                PROVIDE (_Heap_Limit, (__stack - _Main_Stack_Size))

.isr_vector     0x08000000      0x280
                0x08000000                . = ALIGN (0x4)
 *(.isr_vector)
 .isr_vector    0x08000000      0x188 ./libs/CMSIS/src/vectors_stm32f4xx.o
                0x08000000                g_pfnVectors
 *(.after_vectors .after_vectors.*)
 .after_vectors
                0x08000188       0x8c ./libs/CMSIS/src/startup_cm.o
                0x08000188                Reset_Handler
                0x080001cc                system_init
 .after_vectors
                0x08000214       0x1c ./libs/CMSIS/src/startup_stm32f4xx.o
                0x08000214                fpu_init
 .after_vectors
                0x08000230       0x50 ./libs/CMSIS/src/vectors_stm32f4xx.o
                0x08000230                RTC_Alarm_IRQHandler
                0x08000230                HASH_RNG_IRQHandler
                0x08000230                EXTI2_IRQHandler
                0x08000230                TIM8_CC_IRQHandler
                0x08000230                TIM1_CC_IRQHandler
                0x08000230                DMA2_Stream5_IRQHandler
                0x08000230                DMA1_Stream5_IRQHandler
                0x08000230                PVD_IRQHandler
                0x08000230                SDIO_IRQHandler
                0x08000230                TAMP_STAMP_IRQHandler
                0x08000230                CAN2_RX1_IRQHandler
                0x08000230                EXTI3_IRQHandler
                0x08000230                TIM8_TRG_COM_TIM14_IRQHandler
                0x08000230                TIM1_UP_TIM10_IRQHandler
                0x08000230                TIM8_UP_TIM13_IRQHandler
                0x08000230                I2C3_ER_IRQHandler
                0x08000230                EXTI0_IRQHandler
                0x08000230                I2C2_EV_IRQHandler
                0x08000230                DMA1_Stream2_IRQHandler
                0x08000230                CAN1_RX0_IRQHandler
                0x08000230                FPU_IRQHandler
                0x08000230                OTG_HS_WKUP_IRQHandler
                0x08000230                CAN2_SCE_IRQHandler
                0x08000230                DMA2_Stream2_IRQHandler
                0x08000230                SPI1_IRQHandler
                0x08000230                TIM6_DAC_IRQHandler
                0x08000230                TIM1_BRK_TIM9_IRQHandler
                0x08000230                DCMI_IRQHandler
                0x08000230                CAN2_RX0_IRQHandler
                0x08000230                DMA2_Stream3_IRQHandler
                0x08000230                USART6_IRQHandler
                0x08000230                USART3_IRQHandler
                0x08000230                CRYP_IRQHandler
                0x08000230                CAN1_RX1_IRQHandler
                0x08000230                UART5_IRQHandler
                0x08000230                DMA2_Stream0_IRQHandler
                0x08000230                TIM4_IRQHandler
                0x08000230                I2C1_EV_IRQHandler
                0x08000230                DMA1_Stream6_IRQHandler
                0x08000230                DMA1_Stream1_IRQHandler
                0x08000230                UART4_IRQHandler
                0x08000230                RCC_IRQHandler
                0x08000230                TIM8_BRK_TIM12_IRQHandler
                0x08000230                Default_Handler
                0x08000230                EXTI15_10_IRQHandler
                0x08000230                ADC_IRQHandler
                0x08000230                DMA1_Stream7_IRQHandler
                0x08000230                TIM7_IRQHandler
                0x08000230                CAN2_TX_IRQHandler
                0x08000230                TIM5_IRQHandler
                0x08000230                DMA2_Stream7_IRQHandler
                0x08000230                I2C3_EV_IRQHandler
                0x08000230                RTC_WKUP_IRQHandler
                0x08000230                ETH_WKUP_IRQHandler
                0x08000230                SPI2_IRQHandler
                0x08000230                OTG_HS_EP1_IN_IRQHandler
                0x08000230                DMA1_Stream0_IRQHandler
                0x08000230                CAN1_TX_IRQHandler
                0x08000230                EXTI4_IRQHandler
                0x08000230                FSMC_IRQHandler
                0x08000230                ETH_IRQHandler
                0x08000230                OTG_HS_EP1_OUT_IRQHandler
                0x08000230                WWDG_IRQHandler
                0x08000230                OTG_FS_WKUP_IRQHandler
                0x08000230                TIM1_TRG_COM_TIM11_IRQHandler
                0x08000230                OTG_HS_IRQHandler
                0x08000230                EXTI1_IRQHandler
                0x08000230                USART2_IRQHandler
                0x08000230                I2C2_ER_IRQHandler
                0x08000230                DMA2_Stream1_IRQHandler
                0x08000230                CAN1_SCE_IRQHandler
                0x08000230                FLASH_IRQHandler
                0x08000230                DMA2_Stream4_IRQHandler
                0x08000230                USART1_IRQHandler
                0x08000230                OTG_FS_IRQHandler
                0x08000230                SPI3_IRQHandler
                0x08000230                DMA1_Stream4_IRQHandler
                0x08000230                I2C1_ER_IRQHandler
                0x08000230                DMA2_Stream6_IRQHandler
                0x08000230                DMA1_Stream3_IRQHandler
                0x08000238                NMI_Handler
                0x08000240                HardFault_Handler
                0x08000248                MemManage_Handler
                0x08000250                BusFault_Handler
                0x08000258                UsageFault_Handler
                0x08000268                DebugMon_Handler
                0x08000280                . = ALIGN (0x4)

._inits         0x08000280        0x8
                0x08000280                . = ALIGN (0x4)
 *(.init)
 *(.fini)
                0x08000280                . = ALIGN (0x4)
                0x08000280                PROVIDE (__preinit_array_start, .)
 *(.preinit_array_sysinit .preinit_array_sysinit.*)
 .preinit_array_sysinit
                0x08000280        0x4 ./libs/CMSIS/src/startup_cm.o
                0x08000280                p_system_init
 *(.preinit_array_platform .preinit_array_platform.*)
 .preinit_array_platform
                0x08000284        0x4 ./libs/CMSIS/src/startup_stm32f4xx.o
                0x08000284                p_fpu_init
 *(.preinit_array .preinit_array.*)
                0x08000288                PROVIDE (__preinit_array_end, .)
                0x08000288                . = ALIGN (0x4)
                0x08000288                PROVIDE (__init_array_start, .)
 *(SORT(.init_array.*))
 *(.init_array)
                0x08000288                PROVIDE (__init_array_end, .)
                0x08000288                . = ALIGN (0x4)
                0x08000288                PROVIDE (__fini_array_start, .)
 *(SORT(.fini_array.*))
 *(.fini_array)
                0x08000288                PROVIDE (__fini_array_end, .)
                0x08000288                . = ALIGN (0x4)

.flashtext      0x08000288        0x0
                0x08000288                . = ALIGN (0x4)
 *(.flashtext .flashtext.*)
                0x08000288                . = ALIGN (0x4)

.text           0x08000288     0x28b0
                0x08000288                . = ALIGN (0x4)
 *(.text .text.*)
 .text.vParTestInitialise
                0x08000288       0x20 ./src/ParTest.o
                0x08000288                vParTestInitialise
 .text.vParTestToggleLED
                0x080002a8       0x30 ./src/ParTest.o
                0x080002a8                vParTestToggleLED
 .text.vStartLEDFlashTasks
                0x080002d8       0x44 ./src/flash.o
                0x080002d8                vStartLEDFlashTasks
 .text.vLEDFlashTask
                0x0800031c       0x68 ./src/flash.o
 .text.NVIC_SetPendingIRQ
                0x08000384       0x34 ./src/main.o
 .text.main     0x080003b8       0x14 ./src/main.o
                0x080003b8                main
 .text.prvSetupHardware
                0x080003cc       0x18 ./src/main.o
 .text.vApplicationTickHook
                0x080003e4       0x24 ./src/main.o
                0x080003e4                vApplicationTickHook
 .text.TIM3_IRQHandler
                0x08000408       0x3c ./src/main.o
                0x08000408                TIM3_IRQHandler
 .text.TIM2_IRQHandler
                0x08000444       0x24 ./src/main.o
                0x08000444                TIM2_IRQHandler
 .text.EXTI9_5_IRQHandler
                0x08000468       0x40 ./src/main.o
                0x08000468                EXTI9_5_IRQHandler
 .text.vApplicationMallocFailedHook
                0x080004a8        0xc ./src/main.o
                0x080004a8                vApplicationMallocFailedHook
 .text.vApplicationIdleHook
                0x080004b4        0xc ./src/main.o
                0x080004b4                vApplicationIdleHook
 .text.vApplicationStackOverflowHook
                0x080004c0       0x10 ./src/main.o
                0x080004c0                vApplicationStackOverflowHook
 .text.NVIC_PriorityGroupConfig
                0x080004d0       0x24 ./libs/StdPeriph/src/misc.o
                0x080004d0                NVIC_PriorityGroupConfig
 .text.EXTI_ClearITPendingBit
                0x080004f4       0x1c ./libs/StdPeriph/src/stm32f4xx_exti.o
                0x080004f4                EXTI_ClearITPendingBit
 .text.GPIO_Init
                0x08000510      0x11c ./libs/StdPeriph/src/stm32f4xx_gpio.o
                0x08000510                GPIO_Init
 .text.RCC_AHB1PeriphClockCmd
                0x0800062c       0x3c ./libs/StdPeriph/src/stm32f4xx_rcc.o
                0x0800062c                RCC_AHB1PeriphClockCmd
 .text.__libc_init_array
                0x08000668       0x6c ./libs/CMSIS/src/startup_cm.o
                0x08000668                __libc_init_array
 .text.__libc_fini_array
                0x080006d4       0x3c ./libs/CMSIS/src/startup_cm.o
                0x080006d4                __libc_fini_array
 .text._exit    0x08000710        0xc ./libs/CMSIS/src/startup_stm32f4xx.o
                0x08000710                _exit
 .text.SystemInit
                0x0800071c       0x68 ./libs/CMSIS/src/system_stm32f4xx.o
                0x0800071c                SystemInit
 .text.SetSysClock
                0x08000784       0xf4 ./libs/CMSIS/src/system_stm32f4xx.o
 .text.pvPortMalloc
                0x08000878       0x98 ./FreeRTOS/Source/portable/MemMang/heap_1.o
                0x08000878                pvPortMalloc
 .text.vPortFree
                0x08000910       0x1c ./FreeRTOS/Source/portable/MemMang/heap_1.o
                0x08000910                vPortFree
 .text.pxPortInitialiseStack
                0x0800092c       0x64 ./FreeRTOS/Source/portable/GCC/ARM_CM4F/port.o
                0x0800092c                pxPortInitialiseStack
 .text.prvTaskExitError
                0x08000990       0x20 ./FreeRTOS/Source/portable/GCC/ARM_CM4F/port.o
 .text.SVC_Handler
                0x080009b0       0x20 ./FreeRTOS/Source/portable/GCC/ARM_CM4F/port.o
                0x080009b0                SVC_Handler
 .text.prvPortStartFirstTask
                0x080009d0       0x1c ./FreeRTOS/Source/portable/GCC/ARM_CM4F/port.o
 .text.xPortStartScheduler
                0x080009ec       0xd0 ./FreeRTOS/Source/portable/GCC/ARM_CM4F/port.o
                0x080009ec                xPortStartScheduler
 .text.vPortYield
                0x08000abc       0x20 ./FreeRTOS/Source/portable/GCC/ARM_CM4F/port.o
                0x08000abc                vPortYield
 .text.vPortEnterCritical
                0x08000adc       0x20 ./FreeRTOS/Source/portable/GCC/ARM_CM4F/port.o
                0x08000adc                vPortEnterCritical
 .text.vPortExitCritical
                0x08000afc       0x30 ./FreeRTOS/Source/portable/GCC/ARM_CM4F/port.o
                0x08000afc                vPortExitCritical
 .text.ulPortSetInterruptMask
                0x08000b2c       0x14 ./FreeRTOS/Source/portable/GCC/ARM_CM4F/port.o
                0x08000b2c                ulPortSetInterruptMask
 .text.vPortClearInterruptMask
                0x08000b40        0x8 ./FreeRTOS/Source/portable/GCC/ARM_CM4F/port.o
                0x08000b40                vPortClearInterruptMask
 .text.PendSV_Handler
                0x08000b48       0x58 ./FreeRTOS/Source/portable/GCC/ARM_CM4F/port.o
                0x08000b48                PendSV_Handler
 .text.SysTick_Handler
                0x08000ba0       0x28 ./FreeRTOS/Source/portable/GCC/ARM_CM4F/port.o
                0x08000ba0                SysTick_Handler
 .text.vPortSetupTimerInterrupt
                0x08000bc8       0x34 ./FreeRTOS/Source/portable/GCC/ARM_CM4F/port.o
                0x08000bc8                vPortSetupTimerInterrupt
 .text.vPortEnableVFP
                0x08000bfc       0x14 ./FreeRTOS/Source/portable/GCC/ARM_CM4F/port.o
 .text.vPortValidateInterruptPriority
                0x08000c10       0x58 ./FreeRTOS/Source/portable/GCC/ARM_CM4F/port.o
                0x08000c10                vPortValidateInterruptPriority
 .text.vListInitialise
                0x08000c68       0x40 ./FreeRTOS/Source/list.o
                0x08000c68                vListInitialise
 .text.vListInitialiseItem
                0x08000ca8       0x18 ./FreeRTOS/Source/list.o
                0x08000ca8                vListInitialiseItem
 .text.vListInsertEnd
                0x08000cc0       0x48 ./FreeRTOS/Source/list.o
                0x08000cc0                vListInsertEnd
 .text.vListInsert
                0x08000d08       0x70 ./FreeRTOS/Source/list.o
                0x08000d08                vListInsert
 .text.uxListRemove
                0x08000d78       0x54 ./FreeRTOS/Source/list.o
                0x08000d78                uxListRemove
 .text.xQueueGenericReset
                0x08000dcc       0xb0 ./FreeRTOS/Source/queue.o
                0x08000dcc                xQueueGenericReset
 .text.xQueueGenericCreate
                0x08000e7c       0x84 ./FreeRTOS/Source/queue.o
                0x08000e7c                xQueueGenericCreate
 .text.xQueueGenericSend
                0x08000f00      0x180 ./FreeRTOS/Source/queue.o
                0x08000f00                xQueueGenericSend
 .text.xQueueGenericSendFromISR
                0x08001080       0xd4 ./FreeRTOS/Source/queue.o
                0x08001080                xQueueGenericSendFromISR
 .text.xQueueGenericReceive
                0x08001154      0x1bc ./FreeRTOS/Source/queue.o
                0x08001154                xQueueGenericReceive
 .text.prvCopyDataToQueue
                0x08001310       0xd0 ./FreeRTOS/Source/queue.o
 .text.prvCopyDataFromQueue
                0x080013e0       0x4c ./FreeRTOS/Source/queue.o
 .text.prvUnlockQueue
                0x0800142c       0x98 ./FreeRTOS/Source/queue.o
 .text.prvIsQueueEmpty
                0x080014c4       0x2c ./FreeRTOS/Source/queue.o
 .text.prvIsQueueFull
                0x080014f0       0x30 ./FreeRTOS/Source/queue.o
 .text.vQueueAddToRegistry
                0x08001520       0x50 ./FreeRTOS/Source/queue.o
                0x08001520                vQueueAddToRegistry
 .text.vQueueWaitForMessageRestricted
                0x08001570       0x58 ./FreeRTOS/Source/queue.o
                0x08001570                vQueueWaitForMessageRestricted
 .text.xTaskGenericCreate
                0x080015c8      0x168 ./FreeRTOS/Source/tasks.o
                0x080015c8                xTaskGenericCreate
 .text.vTaskDelayUntil
                0x08001730       0xc0 ./FreeRTOS/Source/tasks.o
                0x08001730                vTaskDelayUntil
 .text.vTaskStartScheduler
                0x080017f0       0x70 ./FreeRTOS/Source/tasks.o
                0x080017f0                vTaskStartScheduler
 .text.vTaskSuspendAll
                0x08001860       0x1c ./FreeRTOS/Source/tasks.o
                0x08001860                vTaskSuspendAll
 .text.xTaskResumeAll
                0x0800187c      0x10c ./FreeRTOS/Source/tasks.o
                0x0800187c                xTaskResumeAll
 .text.xTaskGetTickCount
                0x08001988       0x24 ./FreeRTOS/Source/tasks.o
                0x08001988                xTaskGetTickCount
 .text.xTaskIncrementTick
                0x080019ac      0x180 ./FreeRTOS/Source/tasks.o
                0x080019ac                xTaskIncrementTick
 .text.vTaskSwitchContext
                0x08001b2c       0xf4 ./FreeRTOS/Source/tasks.o
                0x08001b2c                vTaskSwitchContext
 .text.vTaskPlaceOnEventList
                0x08001c20       0x6c ./FreeRTOS/Source/tasks.o
                0x08001c20                vTaskPlaceOnEventList
 .text.vTaskPlaceOnEventListRestricted
                0x08001c8c       0x50 ./FreeRTOS/Source/tasks.o
                0x08001c8c                vTaskPlaceOnEventListRestricted
 .text.xTaskRemoveFromEventList
                0x08001cdc       0xb8 ./FreeRTOS/Source/tasks.o
                0x08001cdc                xTaskRemoveFromEventList
 .text.vTaskSetTimeOutState
                0x08001d94       0x34 ./FreeRTOS/Source/tasks.o
                0x08001d94                vTaskSetTimeOutState
 .text.xTaskCheckForTimeOut
                0x08001dc8       0xa0 ./FreeRTOS/Source/tasks.o
                0x08001dc8                xTaskCheckForTimeOut
 .text.vTaskMissedYield
                0x08001e68       0x18 ./FreeRTOS/Source/tasks.o
                0x08001e68                vTaskMissedYield
 .text.prvIdleTask
                0x08001e80       0x24 ./FreeRTOS/Source/tasks.o
 .text.prvInitialiseTCBVariables
                0x08001ea4       0x90 ./FreeRTOS/Source/tasks.o
 .text.prvInitialiseTaskLists
                0x08001f34       0x7c ./FreeRTOS/Source/tasks.o
 .text.prvCheckTasksWaitingTermination
                0x08001fb0       0x74 ./FreeRTOS/Source/tasks.o
 .text.prvAddCurrentTaskToDelayedList
                0x08002024       0x6c ./FreeRTOS/Source/tasks.o
 .text.prvAllocateTCBAndStack
                0x08002090       0x64 ./FreeRTOS/Source/tasks.o
 .text.prvDeleteTCB
                0x080020f4       0x20 ./FreeRTOS/Source/tasks.o
 .text.prvResetNextTaskUnblockTime
                0x08002114       0x48 ./FreeRTOS/Source/tasks.o
 .text.xTaskGetCurrentTaskHandle
                0x0800215c       0x20 ./FreeRTOS/Source/tasks.o
                0x0800215c                xTaskGetCurrentTaskHandle
 .text.xTaskGetSchedulerState
                0x0800217c       0x3c ./FreeRTOS/Source/tasks.o
                0x0800217c                xTaskGetSchedulerState
 .text.vTaskPriorityInherit
                0x080021b8       0xbc ./FreeRTOS/Source/tasks.o
                0x080021b8                vTaskPriorityInherit
 .text.vTaskPriorityDisinherit
                0x08002274       0x84 ./FreeRTOS/Source/tasks.o
                0x08002274                vTaskPriorityDisinherit
 .text.xTimerCreateTimerTask
                0x080022f8       0x58 ./FreeRTOS/Source/timers.o
                0x080022f8                xTimerCreateTimerTask
 .text.xTimerGenericCommand
                0x08002350       0x8c ./FreeRTOS/Source/timers.o
                0x08002350                xTimerGenericCommand
 .text.prvProcessExpiredTimer
                0x080023dc       0x70 ./FreeRTOS/Source/timers.o
 .text.prvTimerTask
                0x0800244c       0x24 ./FreeRTOS/Source/timers.o
 .text.prvProcessTimerOrBlockTask
                0x08002470       0x6c ./FreeRTOS/Source/timers.o
 .text.prvGetNextExpireTime
                0x080024dc       0x48 ./FreeRTOS/Source/timers.o
 .text.prvSampleTimeNow
                0x08002524       0x40 ./FreeRTOS/Source/timers.o
 .text.prvInsertTimerInActiveList
                0x08002564       0x84 ./FreeRTOS/Source/timers.o
 .text.prvProcessReceivedCommands
                0x080025e8      0x110 ./FreeRTOS/Source/timers.o
 .text.prvSwitchTimerLists
                0x080026f8       0xb0 ./FreeRTOS/Source/timers.o
 .text.prvCheckForValidListAndQueue
                0x080027a8       0x78 ./FreeRTOS/Source/timers.o
 .text.STM_EVAL_LEDInit
                0x08002820       0x5c ./FreeRTOS/Settings/board/stm32f4_discovery.o
                0x08002820                STM_EVAL_LEDInit
 .text.STM_EVAL_LEDToggle
                0x0800287c       0x3c ./FreeRTOS/Settings/board/stm32f4_discovery.o
                0x0800287c                STM_EVAL_LEDToggle
 .text.memcmp   0x080028b8       0x68 /home/jerzy/ARMtoolchains/gcc-arm-none-eabi-4_8-2013q4/bin/../lib/gcc/arm-none-eabi/4.8.3/../../../../arm-none-eabi/lib/armv7e-m/softfp/libg.a(lib_a-memcmp.o)
                0x080028b8                memcmp
 .text          0x08002920      0x134 /home/jerzy/ARMtoolchains/gcc-arm-none-eabi-4_8-2013q4/bin/../lib/gcc/arm-none-eabi/4.8.3/../../../../arm-none-eabi/lib/armv7e-m/softfp/libg.a(lib_a-memcpy.o)
                0x08002920                memcpy
 .text.memset   0x08002a54       0x94 /home/jerzy/ARMtoolchains/gcc-arm-none-eabi-4_8-2013q4/bin/../lib/gcc/arm-none-eabi/4.8.3/../../../../arm-none-eabi/lib/armv7e-m/softfp/libg.a(lib_a-memset.o)
                0x08002a54                memset
 *(.rodata .rodata.*)
 .rodata.xLEDs  0x08002ae8        0x4 ./src/ParTest.o
 .rodata        0x08002aec        0x8 ./src/flash.o
 .rodata        0x08002af4        0x8 ./FreeRTOS/Source/tasks.o
 .rodata.ucExpectedStackBytes.8772
                0x08002afc       0x14 ./FreeRTOS/Source/tasks.o
 .rodata        0x08002b10       0x10 ./FreeRTOS/Source/timers.o
 .rodata.GPIO_PIN
                0x08002b20        0x8 ./FreeRTOS/Settings/board/stm32f4_discovery.o
                0x08002b20                GPIO_PIN
 .rodata.GPIO_CLK
                0x08002b28       0x10 ./FreeRTOS/Settings/board/stm32f4_discovery.o
                0x08002b28                GPIO_CLK
 *(.eh_frame*)
 *(.glue_7)
 .glue_7        0x00000000        0x0 linker stubs
 *(.glue_7t)
 .glue_7t       0x00000000        0x0 linker stubs

.vfp11_veneer   0x08002b38        0x0
 .vfp11_veneer  0x00000000        0x0 linker stubs

.v4_bx          0x08002b38        0x0
 .v4_bx         0x00000000        0x0 linker stubs

.iplt           0x08002b38        0x0
 .iplt          0x00000000        0x0 ./src/ParTest.o

.rel.dyn        0x08002b38        0x0
 .rel.iplt      0x00000000        0x0 ./src/ParTest.o

.ARM.extab
 *(.ARM.extab* .gnu.linkonce.armextab.*)
                0x08002b38                __exidx_start = .

.ARM.exidx
 *(.ARM.exidx* .gnu.linkonce.armexidx.*)
                0x08002b38                __exidx_end = .
                0x08002b38                . = ALIGN (0x4)
                0x08002b38                _etext = .
                0x08002b38                _sidata = _etext

.ROarraySection
 *(.ROarraySection .ROarraySection.*)

.data           0x20000000       0x1c load address 0x08002b38
                0x20000000                . = ALIGN (0x4)
                0x20000000                _sdata = .
                0x20000000                __data_start__ = .
 *(vtable)
 *(EXCLUDE_FILE(*rdimon-crt0.o) .data .data.*)
 .data.SystemCoreClock
                0x20000000        0x4 ./libs/CMSIS/src/system_stm32f4xx.o
                0x20000000                SystemCoreClock
 .data.uxCriticalNesting
                0x20000004        0x4 ./FreeRTOS/Source/portable/GCC/ARM_CM4F/port.o
 .data.xNextTaskUnblockTime
                0x20000008        0x4 ./FreeRTOS/Source/tasks.o
 .data.GPIO_PORT
                0x2000000c       0x10 ./FreeRTOS/Settings/board/stm32f4_discovery.o
                0x2000000c                GPIO_PORT
                0x2000001c                . = ALIGN (0x4)
                0x2000001c                _edata = .
                0x2000001c                __data_end__ = .

.igot.plt       0x2000001c        0x0 load address 0x08002b54
 .igot.plt      0x00000000        0x0 ./src/ParTest.o

.bss            0x2000001c    0x12d94 load address 0x08002b54
                0x2000001c                . = ALIGN (0x4)
 *rdimon-crt0.o(.data)
                0x2000001c                . = ALIGN (0x4)
                0x2000001c                __bss_start__ = .
                0x2000001c                _sbss = .
 *(.bss .bss.*)
 .bss.uxFlashTaskNumber
                0x2000001c        0x4 ./src/flash.o
 .bss.ulFPUInterruptNesting
                0x20000020        0x4 ./src/main.o
                0x20000020                ulFPUInterruptNesting
 .bss.ulMaxFPUInterruptNesting
                0x20000024        0x4 ./src/main.o
                0x20000024                ulMaxFPUInterruptNesting
 .bss.xTestSemaphore
                0x20000028        0x4 ./src/main.o
 .bss.ucHeap    0x2000002c    0x12c00 ./FreeRTOS/Source/portable/MemMang/heap_1.o
 .bss.xNextFreeByte
                0x20012c2c        0x4 ./FreeRTOS/Source/portable/MemMang/heap_1.o
 .bss.pucAlignedHeap.8365
                0x20012c30        0x4 ./FreeRTOS/Source/portable/MemMang/heap_1.o
 .bss.ucMaxSysCallPriority
                0x20012c34        0x1 ./FreeRTOS/Source/portable/GCC/ARM_CM4F/port.o
 *fill*         0x20012c35        0x3 
 .bss.ulMaxPRIGROUPValue
                0x20012c38        0x4 ./FreeRTOS/Source/portable/GCC/ARM_CM4F/port.o
 .bss.pxCurrentTCB
                0x20012c3c        0x4 ./FreeRTOS/Source/tasks.o
                0x20012c3c                pxCurrentTCB
 .bss.pxReadyTasksLists
                0x20012c40       0x64 ./FreeRTOS/Source/tasks.o
 .bss.xDelayedTaskList1
                0x20012ca4       0x14 ./FreeRTOS/Source/tasks.o
 .bss.xDelayedTaskList2
                0x20012cb8       0x14 ./FreeRTOS/Source/tasks.o
 .bss.pxDelayedTaskList
                0x20012ccc        0x4 ./FreeRTOS/Source/tasks.o
 .bss.pxOverflowDelayedTaskList
                0x20012cd0        0x4 ./FreeRTOS/Source/tasks.o
 .bss.xPendingReadyList
                0x20012cd4       0x14 ./FreeRTOS/Source/tasks.o
 .bss.xTasksWaitingTermination
                0x20012ce8       0x14 ./FreeRTOS/Source/tasks.o
 .bss.uxTasksDeleted
                0x20012cfc        0x4 ./FreeRTOS/Source/tasks.o
 .bss.xSuspendedTaskList
                0x20012d00       0x14 ./FreeRTOS/Source/tasks.o
 .bss.uxCurrentNumberOfTasks
                0x20012d14        0x4 ./FreeRTOS/Source/tasks.o
 .bss.xTickCount
                0x20012d18        0x4 ./FreeRTOS/Source/tasks.o
 .bss.uxTopReadyPriority
                0x20012d1c        0x4 ./FreeRTOS/Source/tasks.o
 .bss.xSchedulerRunning
                0x20012d20        0x4 ./FreeRTOS/Source/tasks.o
 .bss.uxPendedTicks
                0x20012d24        0x4 ./FreeRTOS/Source/tasks.o
 .bss.xYieldPending
                0x20012d28        0x4 ./FreeRTOS/Source/tasks.o
 .bss.xNumOfOverflows
                0x20012d2c        0x4 ./FreeRTOS/Source/tasks.o
 .bss.uxTaskNumber
                0x20012d30        0x4 ./FreeRTOS/Source/tasks.o
 .bss.uxSchedulerSuspended
                0x20012d34        0x4 ./FreeRTOS/Source/tasks.o
 .bss.xActiveTimerList1
                0x20012d38       0x14 ./FreeRTOS/Source/timers.o
 .bss.xActiveTimerList2
                0x20012d4c       0x14 ./FreeRTOS/Source/timers.o
 .bss.pxCurrentTimerList
                0x20012d60        0x4 ./FreeRTOS/Source/timers.o
 .bss.pxOverflowTimerList
                0x20012d64        0x4 ./FreeRTOS/Source/timers.o
 .bss.xTimerQueue
                0x20012d68        0x4 ./FreeRTOS/Source/timers.o
 .bss.xLastTime.8608
                0x20012d6c        0x4 ./FreeRTOS/Source/timers.o
 *(COMMON)
 COMMON         0x20012d70       0x40 ./FreeRTOS/Source/queue.o
                0x20012d70                xQueueRegistry
                0x20012db0                . = ALIGN (0x4)
                0x20012db0                __bss_end__ = .
                0x20012db0                _ebss = .

.noinit         0x20012db0        0x0
                0x20012db0                . = ALIGN (0x4)
                0x20012db0                _noinit = .
 *(.noinit .noinit.*)
                0x20012db0                . = ALIGN (0x4)
                0x20012db0                _end_noinit = .
                0x20012db0                PROVIDE (end, _end_noinit)
                0x20012db0                PROVIDE (_end, _end_noinit)
                0x20012db0                PROVIDE (__end, _end_noinit)
                0x20012db0                PROVIDE (__end__, _end_noinit)

._check_stack   0x20012db0      0x100 load address 0x080158e8
                0x20012db0                . = ALIGN (0x4)
                0x20012eb0                . = (. + _Minimum_Stack_Size)
 *fill*         0x20012db0      0x100 
                0x20012eb0                . = ALIGN (0x4)

.bss_CCMRAM
 *(.bss.CCMRAM .bss.CCMRAM.*)

.b1text
 *(.b1text)
 *(.b1rodata)
 *(.b1rodata.*)

.eb0text
 *(.eb0text)
 *(.eb0rodata)
 *(.eb0rodata.*)

.eb1text
 *(.eb1text)
 *(.eb1rodata)
 *(.eb1rodata.*)

.eb2text
 *(.eb2text)
 *(.eb2rodata)
 *(.eb2rodata.*)

.eb3text
 *(.eb3text)
 *(.eb3rodata)
 *(.eb3rodata.*)

.stab
 *(.stab)

.stabstr
 *(.stabstr)

.stab.excl
 *(.stab.excl)

.stab.exclstr
 *(.stab.exclstr)

.stab.index
 *(.stab.index)

.stab.indexstr
 *(.stab.indexstr)

.comment        0x00000000       0x70
 *(.comment)
 .comment       0x00000000       0x70 ./src/ParTest.o
                                 0x71 (size before relaxing)
 .comment       0x00000000       0x71 ./src/flash.o
 .comment       0x00000000       0x71 ./src/main.o
 .comment       0x00000000       0x71 ./libs/StdPeriph/src/misc.o
 .comment       0x00000000       0x71 ./libs/StdPeriph/src/stm32f4xx_exti.o
 .comment       0x00000000       0x71 ./libs/StdPeriph/src/stm32f4xx_gpio.o
 .comment       0x00000000       0x71 ./libs/StdPeriph/src/stm32f4xx_rcc.o
 .comment       0x00000000       0x71 ./libs/CMSIS/src/startup_cm.o
 .comment       0x00000000       0x71 ./libs/CMSIS/src/startup_stm32f4xx.o
 .comment       0x00000000       0x71 ./libs/CMSIS/src/system_stm32f4xx.o
 .comment       0x00000000       0x71 ./libs/CMSIS/src/vectors_stm32f4xx.o
 .comment       0x00000000       0x71 ./FreeRTOS/Source/portable/MemMang/heap_1.o
 .comment       0x00000000       0x71 ./FreeRTOS/Source/portable/GCC/ARM_CM4F/port.o
 .comment       0x00000000       0x71 ./FreeRTOS/Source/list.o
 .comment       0x00000000       0x71 ./FreeRTOS/Source/queue.o
 .comment       0x00000000       0x71 ./FreeRTOS/Source/tasks.o
 .comment       0x00000000       0x71 ./FreeRTOS/Source/timers.o
 .comment       0x00000000       0x71 ./FreeRTOS/Settings/board/stm32f4_discovery.o

.ARM.attributes
                0x00000000       0x35
 .ARM.attributes
                0x00000000       0x37 ./src/ParTest.o
 .ARM.attributes
                0x00000037       0x37 ./src/flash.o
 .ARM.attributes
                0x0000006e       0x37 ./src/main.o
 .ARM.attributes
                0x000000a5       0x37 ./libs/StdPeriph/src/misc.o
 .ARM.attributes
                0x000000dc       0x37 ./libs/StdPeriph/src/stm32f4xx_exti.o
 .ARM.attributes
                0x00000113       0x37 ./libs/StdPeriph/src/stm32f4xx_gpio.o
 .ARM.attributes
                0x0000014a       0x37 ./libs/StdPeriph/src/stm32f4xx_rcc.o
 .ARM.attributes
                0x00000181       0x37 ./libs/CMSIS/src/startup_cm.o
 .ARM.attributes
                0x000001b8       0x37 ./libs/CMSIS/src/startup_stm32f4xx.o
 .ARM.attributes
                0x000001ef       0x37 ./libs/CMSIS/src/system_stm32f4xx.o
 .ARM.attributes
                0x00000226       0x37 ./libs/CMSIS/src/vectors_stm32f4xx.o
 .ARM.attributes
                0x0000025d       0x37 ./FreeRTOS/Source/portable/MemMang/heap_1.o
 .ARM.attributes
                0x00000294       0x37 ./FreeRTOS/Source/portable/GCC/ARM_CM4F/port.o
 .ARM.attributes
                0x000002cb       0x37 ./FreeRTOS/Source/list.o
 .ARM.attributes
                0x00000302       0x37 ./FreeRTOS/Source/queue.o
 .ARM.attributes
                0x00000339       0x37 ./FreeRTOS/Source/tasks.o
 .ARM.attributes
                0x00000370       0x37 ./FreeRTOS/Source/timers.o
 .ARM.attributes
                0x000003a7       0x37 ./FreeRTOS/Settings/board/stm32f4_discovery.o
 .ARM.attributes
                0x000003de       0x32 /home/jerzy/ARMtoolchains/gcc-arm-none-eabi-4_8-2013q4/bin/../lib/gcc/arm-none-eabi/4.8.3/../../../../arm-none-eabi/lib/armv7e-m/softfp/libg.a(lib_a-memcmp.o)
 .ARM.attributes
                0x00000410       0x20 /home/jerzy/ARMtoolchains/gcc-arm-none-eabi-4_8-2013q4/bin/../lib/gcc/arm-none-eabi/4.8.3/../../../../arm-none-eabi/lib/armv7e-m/softfp/libg.a(lib_a-memcpy.o)
 .ARM.attributes
                0x00000430       0x32 /home/jerzy/ARMtoolchains/gcc-arm-none-eabi-4_8-2013q4/bin/../lib/gcc/arm-none-eabi/4.8.3/../../../../arm-none-eabi/lib/armv7e-m/softfp/libg.a(lib_a-memset.o)

.debug
 *(.debug)

.line
 *(.line)

.debug_srcinfo
 *(.debug_srcinfo)

.debug_sfnames
 *(.debug_sfnames)

.debug_aranges  0x00000000      0x8f0
 *(.debug_aranges)
 .debug_aranges
                0x00000000       0x30 ./src/ParTest.o
 .debug_aranges
                0x00000030       0x28 ./src/flash.o
 .debug_aranges
                0x00000058       0x70 ./src/main.o
 .debug_aranges
                0x000000c8       0x40 ./libs/StdPeriph/src/misc.o
 .debug_aranges
                0x00000108       0x58 ./libs/StdPeriph/src/stm32f4xx_exti.o
 .debug_aranges
                0x00000160       0x88 ./libs/StdPeriph/src/stm32f4xx_gpio.o
 .debug_aranges
                0x000001e8      0x1b8 ./libs/StdPeriph/src/stm32f4xx_rcc.o
 .debug_aranges
                0x000003a0       0x38 ./libs/CMSIS/src/startup_cm.o
 .debug_aranges
                0x000003d8       0x28 ./libs/CMSIS/src/startup_stm32f4xx.o
 .debug_aranges
                0x00000400       0x30 ./libs/CMSIS/src/system_stm32f4xx.o
 .debug_aranges
                0x00000430       0x68 ./libs/CMSIS/src/vectors_stm32f4xx.o
 .debug_aranges
                0x00000498       0x38 ./FreeRTOS/Source/portable/MemMang/heap_1.o
 .debug_aranges
                0x000004d0       0x98 ./FreeRTOS/Source/portable/GCC/ARM_CM4F/port.o
 .debug_aranges
                0x00000568       0x40 ./FreeRTOS/Source/list.o
 .debug_aranges
                0x000005a8       0xf8 ./FreeRTOS/Source/queue.o
 .debug_aranges
                0x000006a0      0x180 ./FreeRTOS/Source/tasks.o
 .debug_aranges
                0x00000820       0x88 ./FreeRTOS/Source/timers.o
 .debug_aranges
                0x000008a8       0x48 ./FreeRTOS/Settings/board/stm32f4_discovery.o

.debug_pubnames
 *(.debug_pubnames)

.debug_info     0x00000000     0x64a0
 *(.debug_info .gnu.linkonce.wi.*)
 .debug_info    0x00000000      0x165 ./src/ParTest.o
 .debug_info    0x00000165      0x15a ./src/flash.o
 .debug_info    0x000002bf      0x621 ./src/main.o
 .debug_info    0x000008e0      0x524 ./libs/StdPeriph/src/misc.o
 .debug_info    0x00000e04      0x32a ./libs/StdPeriph/src/stm32f4xx_exti.o
 .debug_info    0x0000112e      0x5e1 ./libs/StdPeriph/src/stm32f4xx_gpio.o
 .debug_info    0x0000170f      0xdde ./libs/StdPeriph/src/stm32f4xx_rcc.o
 .debug_info    0x000024ed      0x29c ./libs/CMSIS/src/startup_cm.o
 .debug_info    0x00002789       0xd9 ./libs/CMSIS/src/startup_stm32f4xx.o
 .debug_info    0x00002862      0x598 ./libs/CMSIS/src/system_stm32f4xx.o
 .debug_info    0x00002dfa      0x135 ./libs/CMSIS/src/vectors_stm32f4xx.o
 .debug_info    0x00002f2f      0x1a0 ./FreeRTOS/Source/portable/MemMang/heap_1.o
 .debug_info    0x000030cf      0x346 ./FreeRTOS/Source/portable/GCC/ARM_CM4F/port.o
 .debug_info    0x00003415      0x2bd ./FreeRTOS/Source/list.o
 .debug_info    0x000036d2      0xbb1 ./FreeRTOS/Source/queue.o
 .debug_info    0x00004283     0x11fa ./FreeRTOS/Source/tasks.o
 .debug_info    0x0000547d      0x7be ./FreeRTOS/Source/timers.o
 .debug_info    0x00005c3b      0x865 ./FreeRTOS/Settings/board/stm32f4_discovery.o

.debug_abbrev   0x00000000     0x182c
 *(.debug_abbrev)
 .debug_abbrev  0x00000000       0xd1 ./src/ParTest.o
 .debug_abbrev  0x000000d1       0xa9 ./src/flash.o
 .debug_abbrev  0x0000017a      0x1c6 ./src/main.o
 .debug_abbrev  0x00000340      0x14a ./libs/StdPeriph/src/misc.o
 .debug_abbrev  0x0000048a      0x1aa ./libs/StdPeriph/src/stm32f4xx_exti.o
 .debug_abbrev  0x00000634      0x1a8 ./libs/StdPeriph/src/stm32f4xx_gpio.o
 .debug_abbrev  0x000007dc      0x1bf ./libs/StdPeriph/src/stm32f4xx_rcc.o
 .debug_abbrev  0x0000099b      0x128 ./libs/CMSIS/src/startup_cm.o
 .debug_abbrev  0x00000ac3       0xa9 ./libs/CMSIS/src/startup_stm32f4xx.o
 .debug_abbrev  0x00000b6c      0x13b ./libs/CMSIS/src/system_stm32f4xx.o
 .debug_abbrev  0x00000ca7       0x92 ./libs/CMSIS/src/vectors_stm32f4xx.o
 .debug_abbrev  0x00000d39      0x123 ./FreeRTOS/Source/portable/MemMang/heap_1.o
 .debug_abbrev  0x00000e5c      0x1b1 ./FreeRTOS/Source/portable/GCC/ARM_CM4F/port.o
 .debug_abbrev  0x0000100d       0xdb ./FreeRTOS/Source/list.o
 .debug_abbrev  0x000010e8      0x1ce ./FreeRTOS/Source/queue.o
 .debug_abbrev  0x000012b6      0x24b ./FreeRTOS/Source/tasks.o
 .debug_abbrev  0x00001501      0x1a3 ./FreeRTOS/Source/timers.o
 .debug_abbrev  0x000016a4      0x188 ./FreeRTOS/Settings/board/stm32f4_discovery.o

.debug_line     0x00000000     0x79e0
 *(.debug_line)
 .debug_line    0x00000000      0x6c6 ./src/ParTest.o
 .debug_line    0x000006c6      0x6ef ./src/flash.o
 .debug_line    0x00000db5      0x83e ./src/main.o
 .debug_line    0x000015f3      0x4fc ./libs/StdPeriph/src/misc.o
 .debug_line    0x00001aef      0x549 ./libs/StdPeriph/src/stm32f4xx_exti.o
 .debug_line    0x00002038      0x5f2 ./libs/StdPeriph/src/stm32f4xx_gpio.o
 .debug_line    0x0000262a      0x8ef ./libs/StdPeriph/src/stm32f4xx_rcc.o
 .debug_line    0x00002f19      0x2a8 ./libs/CMSIS/src/startup_cm.o
 .debug_line    0x000031c1      0x4c0 ./libs/CMSIS/src/startup_stm32f4xx.o
 .debug_line    0x00003681      0x51e ./libs/CMSIS/src/system_stm32f4xx.o
 .debug_line    0x00003b9f       0x93 ./libs/CMSIS/src/vectors_stm32f4xx.o
 .debug_line    0x00003c32      0x6b7 ./FreeRTOS/Source/portable/MemMang/heap_1.o
 .debug_line    0x000042e9      0x777 ./FreeRTOS/Source/portable/GCC/ARM_CM4F/port.o
 .debug_line    0x00004a60      0x6b9 ./FreeRTOS/Source/list.o
 .debug_line    0x00005119      0xc31 ./FreeRTOS/Source/queue.o
 .debug_line    0x00005d4a      0xf13 ./FreeRTOS/Source/tasks.o
 .debug_line    0x00006c5d      0x847 ./FreeRTOS/Source/timers.o
 .debug_line    0x000074a4      0x53c ./FreeRTOS/Settings/board/stm32f4_discovery.o

.debug_frame    0x00000000     0x1b8c
 *(.debug_frame)
 .debug_frame   0x00000000       0x6c ./src/ParTest.o
 .debug_frame   0x0000006c       0x50 ./src/flash.o
 .debug_frame   0x000000bc      0x144 ./src/main.o
 .debug_frame   0x00000200       0x9c ./libs/StdPeriph/src/misc.o
 .debug_frame   0x0000029c       0xec ./libs/StdPeriph/src/stm32f4xx_exti.o
 .debug_frame   0x00000388      0x19c ./libs/StdPeriph/src/stm32f4xx_gpio.o
 .debug_frame   0x00000524      0x5b8 ./libs/StdPeriph/src/stm32f4xx_rcc.o
 .debug_frame   0x00000adc       0x90 ./libs/CMSIS/src/startup_cm.o
 .debug_frame   0x00000b6c       0x44 ./libs/CMSIS/src/startup_stm32f4xx.o
 .debug_frame   0x00000bb0       0x64 ./libs/CMSIS/src/system_stm32f4xx.o
 .debug_frame   0x00000c14      0x100 ./libs/CMSIS/src/vectors_stm32f4xx.o
 .debug_frame   0x00000d14       0x80 ./FreeRTOS/Source/portable/MemMang/heap_1.o
 .debug_frame   0x00000d94      0x188 ./FreeRTOS/Source/portable/GCC/ARM_CM4F/port.o
 .debug_frame   0x00000f1c       0x9c ./FreeRTOS/Source/list.o
 .debug_frame   0x00000fb8      0x37c ./FreeRTOS/Source/queue.o
 .debug_frame   0x00001334      0x578 ./FreeRTOS/Source/tasks.o
 .debug_frame   0x000018ac      0x1c4 ./FreeRTOS/Source/timers.o
 .debug_frame   0x00001a70       0xc4 ./FreeRTOS/Settings/board/stm32f4_discovery.o
 .debug_frame   0x00001b34       0x2c /home/jerzy/ARMtoolchains/gcc-arm-none-eabi-4_8-2013q4/bin/../lib/gcc/arm-none-eabi/4.8.3/../../../../arm-none-eabi/lib/armv7e-m/softfp/libg.a(lib_a-memcmp.o)
 .debug_frame   0x00001b60       0x2c /home/jerzy/ARMtoolchains/gcc-arm-none-eabi-4_8-2013q4/bin/../lib/gcc/arm-none-eabi/4.8.3/../../../../arm-none-eabi/lib/armv7e-m/softfp/libg.a(lib_a-memset.o)

.debug_str      0x00000000    0x6869b
 *(.debug_str)
 .debug_str     0x00000000    0x6027e ./src/ParTest.o
                              0x6047c (size before relaxing)
 .debug_str     0x0006027e     0x112e ./src/flash.o
                              0x612da (size before relaxing)
 .debug_str     0x000613ac     0x2223 ./src/main.o
                              0x62680 (size before relaxing)
 .debug_str     0x000635cf      0x224 ./libs/StdPeriph/src/misc.o
                              0x5d86c (size before relaxing)
 .debug_str     0x000637f3      0x1d6 ./libs/StdPeriph/src/stm32f4xx_exti.o
                              0x5d7ec (size before relaxing)
 .debug_str     0x000639c9      0x2bd ./libs/StdPeriph/src/stm32f4xx_gpio.o
                              0x5d909 (size before relaxing)
 .debug_str     0x00063c86      0xd39 ./libs/StdPeriph/src/stm32f4xx_rcc.o
                              0x5e3c5 (size before relaxing)
 .debug_str     0x000649bf      0x4eb ./libs/CMSIS/src/startup_cm.o
                               0x34cd (size before relaxing)
 .debug_str     0x00064eaa       0x37 ./libs/CMSIS/src/startup_stm32f4xx.o
                              0x5d614 (size before relaxing)
 .debug_str     0x00064ee1       0xf3 ./libs/CMSIS/src/system_stm32f4xx.o
                              0x5d878 (size before relaxing)
 .debug_str     0x00064fd4       0xb0 ./libs/CMSIS/src/vectors_stm32f4xx.o
                               0x254f (size before relaxing)
 .debug_str     0x00065084      0x139 ./FreeRTOS/Source/portable/MemMang/heap_1.o
                              0x612ea (size before relaxing)
 .debug_str     0x000651bd      0x76a ./FreeRTOS/Source/portable/GCC/ARM_CM4F/port.o
                              0x6094d (size before relaxing)
 .debug_str     0x00065927      0x130 ./FreeRTOS/Source/list.o
                              0x60f35 (size before relaxing)
 .debug_str     0x00065a57     0x1588 ./FreeRTOS/Source/queue.o
                              0x6329d (size before relaxing)
 .debug_str     0x00066fdf     0x117a ./FreeRTOS/Source/tasks.o
                              0x63b97 (size before relaxing)
 .debug_str     0x00068159      0x390 ./FreeRTOS/Source/timers.o
                              0x6288d (size before relaxing)
 .debug_str     0x000684e9      0x1b2 ./FreeRTOS/Settings/board/stm32f4_discovery.o
                              0x5e1fe (size before relaxing)

.debug_loc
 *(.debug_loc)

.debug_macinfo
 *(.debug_macinfo)

.debug_weaknames
 *(.debug_weaknames)

.debug_funcnames
 *(.debug_funcnames)

.debug_typenames
 *(.debug_typenames)

.debug_varnames
 *(.debug_varnames)
OUTPUT(FreeRTOS_Uart.elf elf32-littlearm)

.debug_ranges   0x00000000      0x7d0
 .debug_ranges  0x00000000       0x20 ./src/ParTest.o
 .debug_ranges  0x00000020       0x18 ./src/flash.o
 .debug_ranges  0x00000038       0x60 ./src/main.o
 .debug_ranges  0x00000098       0x30 ./libs/StdPeriph/src/misc.o
 .debug_ranges  0x000000c8       0x48 ./libs/StdPeriph/src/stm32f4xx_exti.o
 .debug_ranges  0x00000110       0x78 ./libs/StdPeriph/src/stm32f4xx_gpio.o
 .debug_ranges  0x00000188      0x1a8 ./libs/StdPeriph/src/stm32f4xx_rcc.o
 .debug_ranges  0x00000330       0x28 ./libs/CMSIS/src/startup_cm.o
 .debug_ranges  0x00000358       0x18 ./libs/CMSIS/src/startup_stm32f4xx.o
 .debug_ranges  0x00000370       0x20 ./libs/CMSIS/src/system_stm32f4xx.o
 .debug_ranges  0x00000390       0x58 ./libs/CMSIS/src/vectors_stm32f4xx.o
 .debug_ranges  0x000003e8       0x28 ./FreeRTOS/Source/portable/MemMang/heap_1.o
 .debug_ranges  0x00000410       0x88 ./FreeRTOS/Source/portable/GCC/ARM_CM4F/port.o
 .debug_ranges  0x00000498       0x30 ./FreeRTOS/Source/list.o
 .debug_ranges  0x000004c8       0xe8 ./FreeRTOS/Source/queue.o
 .debug_ranges  0x000005b0      0x170 ./FreeRTOS/Source/tasks.o
 .debug_ranges  0x00000720       0x78 ./FreeRTOS/Source/timers.o
 .debug_ranges  0x00000798       0x38 ./FreeRTOS/Settings/board/stm32f4_discovery.o

.debug_macro    0x00000000    0x12925
 .debug_macro   0x00000000      0x23e ./src/ParTest.o
 .debug_macro   0x0000023e      0x86e ./src/ParTest.o
 .debug_macro   0x00000aac      0x16d ./src/ParTest.o
 .debug_macro   0x00000c19       0x52 ./src/ParTest.o
 .debug_macro   0x00000c6b       0x16 ./src/ParTest.o
 .debug_macro   0x00000c81       0x35 ./src/ParTest.o
 .debug_macro   0x00000cb6       0xa3 ./src/ParTest.o
 .debug_macro   0x00000d59      0x20e ./src/ParTest.o
 .debug_macro   0x00000f67       0x40 ./src/ParTest.o
 .debug_macro   0x00000fa7       0x10 ./src/ParTest.o
 .debug_macro   0x00000fb7       0x5e ./src/ParTest.o
 .debug_macro   0x00001015       0x3b ./src/ParTest.o
 .debug_macro   0x00001050       0x2d ./src/ParTest.o
 .debug_macro   0x0000107d       0x42 ./src/ParTest.o
 .debug_macro   0x000010bf      0xd39 ./src/ParTest.o
 .debug_macro   0x00001df8     0x8bb0 ./src/ParTest.o
 .debug_macro   0x0000a9a8      0x44f ./src/ParTest.o
 .debug_macro   0x0000adf7       0xb2 ./src/ParTest.o
 .debug_macro   0x0000aea9      0x477 ./src/ParTest.o
 .debug_macro   0x0000b320       0xae ./src/ParTest.o
 .debug_macro   0x0000b3ce      0x41c ./src/ParTest.o
 .debug_macro   0x0000b7ea      0x2bc ./src/ParTest.o
 .debug_macro   0x0000baa6      0x2bb ./src/ParTest.o
 .debug_macro   0x0000bd61       0x64 ./src/ParTest.o
 .debug_macro   0x0000bdc5       0xe7 ./src/ParTest.o
 .debug_macro   0x0000beac      0x62f ./src/ParTest.o
 .debug_macro   0x0000c4db      0x57b ./src/ParTest.o
 .debug_macro   0x0000ca56      0x342 ./src/ParTest.o
 .debug_macro   0x0000cd98      0x36c ./src/ParTest.o
 .debug_macro   0x0000d104       0xf7 ./src/ParTest.o
 .debug_macro   0x0000d1fb      0x73b ./src/ParTest.o
 .debug_macro   0x0000d936      0x223 ./src/ParTest.o
 .debug_macro   0x0000db59       0x34 ./src/ParTest.o
 .debug_macro   0x0000db8d       0x82 ./src/ParTest.o
 .debug_macro   0x0000dc0f      0x144 ./src/ParTest.o
 .debug_macro   0x0000dd53       0xc3 ./src/ParTest.o
 .debug_macro   0x0000de16       0x40 ./src/ParTest.o
 .debug_macro   0x0000de56      0x3cf ./src/ParTest.o
 .debug_macro   0x0000e225      0x188 ./src/ParTest.o
 .debug_macro   0x0000e3ad      0x149 ./src/ParTest.o
 .debug_macro   0x0000e4f6      0x279 ./src/ParTest.o
 .debug_macro   0x0000e76f       0x35 ./src/ParTest.o
 .debug_macro   0x0000e7a4      0x10b ./src/ParTest.o
 .debug_macro   0x0000e8af       0xb7 ./src/ParTest.o
 .debug_macro   0x0000e966       0x12 ./src/ParTest.o
 .debug_macro   0x0000e978       0x1f ./src/ParTest.o
 .debug_macro   0x0000e997      0x34c ./src/ParTest.o
 .debug_macro   0x0000ece3       0x79 ./src/ParTest.o
 .debug_macro   0x0000ed5c       0x69 ./src/ParTest.o
 .debug_macro   0x0000edc5       0x10 ./src/ParTest.o
 .debug_macro   0x0000edd5       0x88 ./src/ParTest.o
 .debug_macro   0x0000ee5d      0x2c4 ./src/flash.o
 .debug_macro   0x0000f121       0x16 ./src/flash.o
 .debug_macro   0x0000f137      0x10e ./src/flash.o
 .debug_macro   0x0000f245       0x86 ./src/flash.o
 .debug_macro   0x0000f2cb       0x3a ./src/flash.o
 .debug_macro   0x0000f305       0x52 ./src/flash.o
 .debug_macro   0x0000f357       0x16 ./src/flash.o
 .debug_macro   0x0000f36d       0x43 ./src/flash.o
 .debug_macro   0x0000f3b0      0x180 ./src/flash.o
 .debug_macro   0x0000f530       0x16 ./src/flash.o
 .debug_macro   0x0000f546       0x29 ./src/flash.o
 .debug_macro   0x0000f56f      0x214 ./src/flash.o
 .debug_macro   0x0000f783      0x317 ./src/main.o
 .debug_macro   0x0000fa9a       0x91 ./src/main.o
 .debug_macro   0x0000fb2b       0xb0 ./src/main.o
 .debug_macro   0x0000fbdb       0x7e ./src/main.o
 .debug_macro   0x0000fc59      0x1c7 ./libs/StdPeriph/src/misc.o
 .debug_macro   0x0000fe20       0x7c ./libs/StdPeriph/src/misc.o
 .debug_macro   0x0000fe9c      0x1c7 ./libs/StdPeriph/src/stm32f4xx_exti.o
 .debug_macro   0x00010063       0xa8 ./libs/StdPeriph/src/stm32f4xx_exti.o
 .debug_macro   0x0001010b      0x1c1 ./libs/StdPeriph/src/stm32f4xx_gpio.o
 .debug_macro   0x000102cc      0x2b6 ./libs/StdPeriph/src/stm32f4xx_gpio.o
 .debug_macro   0x00010582      0x28b ./libs/StdPeriph/src/stm32f4xx_rcc.o
 .debug_macro   0x0001080d      0x629 ./libs/StdPeriph/src/stm32f4xx_rcc.o
 .debug_macro   0x00010e36       0xa6 ./libs/CMSIS/src/startup_cm.o
 .debug_macro   0x00010edc      0x1b7 ./libs/CMSIS/src/startup_stm32f4xx.o
 .debug_macro   0x00011093      0x1db ./libs/CMSIS/src/system_stm32f4xx.o
 .debug_macro   0x0001126e       0x11 ./libs/CMSIS/src/vectors_stm32f4xx.o
 .debug_macro   0x0001127f      0x2b1 ./FreeRTOS/Source/portable/MemMang/heap_1.o
 .debug_macro   0x00011530      0x2cf ./FreeRTOS/Source/portable/GCC/ARM_CM4F/port.o
 .debug_macro   0x000117ff      0x290 ./FreeRTOS/Source/list.o
 .debug_macro   0x00011a8f      0x320 ./FreeRTOS/Source/queue.o
 .debug_macro   0x00011daf      0x283 ./FreeRTOS/Source/queue.o
 .debug_macro   0x00012032       0x10 ./FreeRTOS/Source/queue.o
 .debug_macro   0x00012042       0x35 ./FreeRTOS/Source/queue.o
 .debug_macro   0x00012077       0x1f ./FreeRTOS/Source/queue.o
 .debug_macro   0x00012096      0x363 ./FreeRTOS/Source/tasks.o
 .debug_macro   0x000123f9       0x17 ./FreeRTOS/Source/tasks.o
 .debug_macro   0x00012410      0x2cd ./FreeRTOS/Source/timers.o
 .debug_macro   0x000126dd      0x1c6 ./FreeRTOS/Settings/board/stm32f4_discovery.o
 .debug_macro   0x000128a3       0x82 ./FreeRTOS/Settings/board/stm32f4_discovery.o
