Archive member included because of file (symbol)

/home/jerzy/ARMtoolchains/gcc-arm-none-eabi-4_8-2013q4/bin/../lib/gcc/arm-none-eabi/4.8.3/../../../../arm-none-eabi/lib/armv7e-m/softfp/libg.a(lib_a-errno.o)
                              ./libs/misc/src/_sbrk.o (__errno)
/home/jerzy/ARMtoolchains/gcc-arm-none-eabi-4_8-2013q4/bin/../lib/gcc/arm-none-eabi/4.8.3/../../../../arm-none-eabi/lib/armv7e-m/softfp/libg.a(lib_a-impure.o)
                              /home/jerzy/ARMtoolchains/gcc-arm-none-eabi-4_8-2013q4/bin/../lib/gcc/arm-none-eabi/4.8.3/../../../../arm-none-eabi/lib/armv7e-m/softfp/libg.a(lib_a-errno.o) (_impure_ptr)
/home/jerzy/ARMtoolchains/gcc-arm-none-eabi-4_8-2013q4/bin/../lib/gcc/arm-none-eabi/4.8.3/../../../../arm-none-eabi/lib/armv7e-m/softfp/libg.a(lib_a-memcmp.o)
                              ./FreeRTOS/Source/tasks.o (memcmp)
/home/jerzy/ARMtoolchains/gcc-arm-none-eabi-4_8-2013q4/bin/../lib/gcc/arm-none-eabi/4.8.3/../../../../arm-none-eabi/lib/armv7e-m/softfp/libg.a(lib_a-memcpy.o)
                              ./FreeRTOS/Source/queue.o (memcpy)
/home/jerzy/ARMtoolchains/gcc-arm-none-eabi-4_8-2013q4/bin/../lib/gcc/arm-none-eabi/4.8.3/../../../../arm-none-eabi/lib/armv7e-m/softfp/libg.a(lib_a-memset.o)
                              ./FreeRTOS/Source/tasks.o (memset)

Allocating common symbols
Common symbol       size              file

xQueueRegistry      0x40              ./FreeRTOS/Source/queue.o
xUsart2OutQueue     0x4               ./src/main.o
NVIC_InitStructure  0x4               ./FreeRTOS/Settings/board/stm32f4_discovery.o

Discarded input sections

 .group         0x00000000        0x8 ./src/speaker/speaker.o
 .group         0x00000000        0x8 ./src/speaker/speaker.o
 .group         0x00000000        0x8 ./src/speaker/speaker.o
 .group         0x00000000        0x8 ./src/speaker/speaker.o
 .group         0x00000000        0x8 ./src/speaker/speaker.o
 .group         0x00000000        0x8 ./src/speaker/speaker.o
 .group         0x00000000        0x8 ./src/speaker/speaker.o
 .group         0x00000000        0x8 ./src/speaker/speaker.o
 .group         0x00000000        0x8 ./src/speaker/speaker.o
 .group         0x00000000        0x8 ./src/speaker/speaker.o
 .group         0x00000000        0x8 ./src/speaker/speaker.o
 .group         0x00000000        0x8 ./src/speaker/speaker.o
 .group         0x00000000        0x8 ./src/speaker/speaker.o
 .group         0x00000000        0x8 ./src/speaker/speaker.o
 .group         0x00000000        0x8 ./src/speaker/speaker.o
 .group         0x00000000        0x8 ./src/speaker/speaker.o
 .group         0x00000000        0x8 ./src/speaker/speaker.o
 .group         0x00000000        0x8 ./src/speaker/speaker.o
 .group         0x00000000        0x8 ./src/speaker/speaker.o
 .group         0x00000000        0x8 ./src/speaker/speaker.o
 .group         0x00000000        0x8 ./src/speaker/speaker.o
 .group         0x00000000        0x8 ./src/speaker/speaker.o
 .group         0x00000000        0x8 ./src/speaker/speaker.o
 .group         0x00000000        0x8 ./src/speaker/speaker.o
 .group         0x00000000        0x8 ./src/speaker/speaker.o
 .group         0x00000000        0x8 ./src/speaker/speaker.o
 .group         0x00000000        0x8 ./src/speaker/speaker.o
 .group         0x00000000        0x8 ./src/speaker/speaker.o
 .group         0x00000000        0x8 ./src/speaker/speaker.o
 .group         0x00000000        0x8 ./src/speaker/speaker.o
 .group         0x00000000        0x8 ./src/speaker/speaker.o
 .group         0x00000000        0x8 ./src/speaker/speaker.o
 .group         0x00000000        0x8 ./src/speaker/speaker.o
 .group         0x00000000        0x8 ./src/speaker/speaker.o
 .group         0x00000000        0x8 ./src/speaker/speaker.o
 .group         0x00000000        0x8 ./src/speaker/speaker.o
 .group         0x00000000        0x8 ./src/speaker/speaker.o
 .group         0x00000000        0x8 ./src/speaker/speaker.o
 .group         0x00000000        0x8 ./src/speaker/speaker.o
 .group         0x00000000        0x8 ./src/speaker/speaker.o
 .group         0x00000000        0x8 ./src/speaker/speaker.o
 .group         0x00000000        0x8 ./src/speaker/speaker.o
 .group         0x00000000        0x8 ./src/speaker/speaker.o
 .group         0x00000000        0x8 ./src/speaker/speaker.o
 .group         0x00000000        0x8 ./src/speaker/speaker.o
 .group         0x00000000        0x8 ./src/speaker/speaker.o
 .group         0x00000000        0x8 ./src/speaker/speaker.o
 .group         0x00000000        0x8 ./src/speaker/speaker.o
 .group         0x00000000        0x8 ./src/speaker/speaker.o
 .group         0x00000000        0x8 ./src/speaker/speaker.o
 .group         0x00000000        0x8 ./src/speaker/speaker.o
 .group         0x00000000        0x8 ./src/speaker/speaker.o
 .group         0x00000000        0x8 ./src/speaker/speaker.o
 .group         0x00000000        0x8 ./src/speaker/speaker.o
[...]
Memory Configuration

Name             Origin             Length             Attributes
RAM              0x20000000         0x00020000         xrw
CCMRAM           0x10000000         0x00010000         xrw
FLASH            0x08000000         0x00100000         xr
FLASHB1          0x00000000         0x00000000         xr
EXTMEMB0         0x00000000         0x00000000         xr
EXTMEMB1         0x00000000         0x00000000         xr
EXTMEMB2         0x00000000         0x00000000         xr
EXTMEMB3         0x00000000         0x00000000         xr
MEMORY_ARRAY     0x20002000         0x00000020         xrw
*default*        0x00000000         0xffffffff

Linker script and memory map

LOAD ./src/speaker/speaker.o
LOAD ./src/hardware/gpio.o
LOAD ./src/hardware/usart2.o
LOAD ./src/UART/serial.o
LOAD ./src/LED_flash/flash.o
LOAD ./src/main.o
LOAD ./libs/misc/src/_sbrk.o
LOAD ./libs/misc/src/_write.o
LOAD ./libs/misc/src/trace_impl.o
LOAD ./libs/StdPeriph/src/misc.o
LOAD ./libs/StdPeriph/src/stm32f4xx_adc.o
LOAD ./libs/StdPeriph/src/stm32f4xx_can.o
LOAD ./libs/StdPeriph/src/stm32f4xx_crc.o
LOAD ./libs/StdPeriph/src/stm32f4xx_cryp.o
LOAD ./libs/StdPeriph/src/stm32f4xx_cryp_aes.o
LOAD ./libs/StdPeriph/src/stm32f4xx_cryp_des.o
LOAD ./libs/StdPeriph/src/stm32f4xx_cryp_tdes.o
LOAD ./libs/StdPeriph/src/stm32f4xx_dac.o
LOAD ./libs/StdPeriph/src/stm32f4xx_dbgmcu.o
LOAD ./libs/StdPeriph/src/stm32f4xx_dcmi.o
LOAD ./libs/StdPeriph/src/stm32f4xx_dma.o
LOAD ./libs/StdPeriph/src/stm32f4xx_dma2d.o
LOAD ./libs/StdPeriph/src/stm32f4xx_exti.o
LOAD ./libs/StdPeriph/src/stm32f4xx_flash.o
LOAD ./libs/StdPeriph/src/stm32f4xx_fmc.o
LOAD ./libs/StdPeriph/src/stm32f4xx_fsmc.o
LOAD ./libs/StdPeriph/src/stm32f4xx_gpio.o
LOAD ./libs/StdPeriph/src/stm32f4xx_hash.o
LOAD ./libs/StdPeriph/src/stm32f4xx_hash_md5.o
LOAD ./libs/StdPeriph/src/stm32f4xx_hash_sha1.o
LOAD ./libs/StdPeriph/src/stm32f4xx_i2c.o
LOAD ./libs/StdPeriph/src/stm32f4xx_iwdg.o
LOAD ./libs/StdPeriph/src/stm32f4xx_ltdc.o
LOAD ./libs/StdPeriph/src/stm32f4xx_pwr.o
LOAD ./libs/StdPeriph/src/stm32f4xx_rcc.o
LOAD ./libs/StdPeriph/src/stm32f4xx_rng.o
LOAD ./libs/StdPeriph/src/stm32f4xx_rtc.o
LOAD ./libs/StdPeriph/src/stm32f4xx_sai.o
LOAD ./libs/StdPeriph/src/stm32f4xx_sdio.o
LOAD ./libs/StdPeriph/src/stm32f4xx_spi.o
LOAD ./libs/StdPeriph/src/stm32f4xx_syscfg.o
LOAD ./libs/StdPeriph/src/stm32f4xx_tim.o
LOAD ./libs/StdPeriph/src/stm32f4xx_usart.o
LOAD ./libs/StdPeriph/src/stm32f4xx_wwdg.o
LOAD ./libs/CMSIS/src/startup_cm.o
LOAD ./libs/CMSIS/src/startup_stm32f4xx.o
LOAD ./libs/CMSIS/src/system_stm32f4xx.o
LOAD ./libs/CMSIS/src/vectors_stm32f4xx.o
LOAD ./FreeRTOS/Source/portable/MemMang/heap_1.o
LOAD ./FreeRTOS/Source/portable/GCC/ARM_CM4F/port.o
LOAD ./FreeRTOS/Source/croutine.o
LOAD ./FreeRTOS/Source/event_groups.o
LOAD ./FreeRTOS/Source/list.o
LOAD ./FreeRTOS/Source/queue.o
LOAD ./FreeRTOS/Source/tasks.o
LOAD ./FreeRTOS/Source/timers.o
LOAD ./FreeRTOS/Settings/board/stm32f4_discovery.o
START GROUP
LOAD /home/jerzy/ARMtoolchains/gcc-arm-none-eabi-4_8-2013q4/bin/../lib/gcc/arm-none-eabi/4.8.3/armv7e-m/softfp/libgcc.a
LOAD /home/jerzy/ARMtoolchains/gcc-arm-none-eabi-4_8-2013q4/bin/../lib/gcc/arm-none-eabi/4.8.3/../../../../arm-none-eabi/lib/armv7e-m/softfp/libg.a
LOAD /home/jerzy/ARMtoolchains/gcc-arm-none-eabi-4_8-2013q4/bin/../lib/gcc/arm-none-eabi/4.8.3/../../../../arm-none-eabi/lib/armv7e-m/softfp/libc.a
END GROUP
START GROUP
LOAD /home/jerzy/ARMtoolchains/gcc-arm-none-eabi-4_8-2013q4/bin/../lib/gcc/arm-none-eabi/4.8.3/armv7e-m/softfp/libgcc.a
LOAD /home/jerzy/ARMtoolchains/gcc-arm-none-eabi-4_8-2013q4/bin/../lib/gcc/arm-none-eabi/4.8.3/../../../../arm-none-eabi/lib/armv7e-m/softfp/libg.a
LOAD /home/jerzy/ARMtoolchains/gcc-arm-none-eabi-4_8-2013q4/bin/../lib/gcc/arm-none-eabi/4.8.3/../../../../arm-none-eabi/lib/armv7e-m/softfp/libc.a
LOAD /home/jerzy/ARMtoolchains/gcc-arm-none-eabi-4_8-2013q4/bin/../lib/gcc/arm-none-eabi/4.8.3/../../../../arm-none-eabi/lib/armv7e-m/softfp/libm.a
LOAD /home/jerzy/ARMtoolchains/gcc-arm-none-eabi-4_8-2013q4/bin/../lib/gcc/arm-none-eabi/4.8.3/../../../../arm-none-eabi/lib/armv7e-m/softfp/libnosys.a
END GROUP
                0x20020000                __stack = (ORIGIN (RAM) + 0x20000)
                0x20020000                _estack = __stack
                0x00000400                __Main_Stack_Size = 0x400
                0x00000400                PROVIDE (_Main_Stack_Size, __Main_Stack_Size)
                0x2001fc00                __Main_Stack_Limit = (__stack - __Main_Stack_Size)
                0x2001fc00                PROVIDE (_Main_Stack_Limit, __Main_Stack_Limit)
                0x00000100                _Minimum_Stack_Size = 0x100
                0x20012dc0                PROVIDE (_Heap_Begin, _end_noinit)
                0x2001fc00                PROVIDE (_Heap_Limit, (__stack - _Main_Stack_Size))

.isr_vector     0x08000000      0x280
                0x08000000                . = ALIGN (0x4)
 *(.isr_vector)
 .isr_vector    0x08000000      0x188 ./libs/CMSIS/src/vectors_stm32f4xx.o
                0x08000000                g_pfnVectors
 *(.after_vectors .after_vectors.*)
 .after_vectors
                0x08000188       0x8c ./libs/CMSIS/src/startup_cm.o
                0x08000188                Reset_Handler
                0x080001cc                system_init
 .after_vectors
                0x08000214       0x1c ./libs/CMSIS/src/startup_stm32f4xx.o
                0x08000214                fpu_init
 .after_vectors
                0x08000230       0x50 ./libs/CMSIS/src/vectors_stm32f4xx.o
                0x08000230                RTC_Alarm_IRQHandler
                0x08000230                HASH_RNG_IRQHandler
                0x08000230                EXTI2_IRQHandler
                0x08000230                TIM8_CC_IRQHandler
                0x08000230                TIM1_CC_IRQHandler
                0x08000230                DMA2_Stream5_IRQHandler
                0x08000230                DMA1_Stream5_IRQHandler
                0x08000230                PVD_IRQHandler
                0x08000230                SDIO_IRQHandler
                0x08000230                TAMP_STAMP_IRQHandler
                0x08000230                CAN2_RX1_IRQHandler
                0x08000230                EXTI3_IRQHandler
                0x08000230                TIM8_TRG_COM_TIM14_IRQHandler
                0x08000230                TIM1_UP_TIM10_IRQHandler
                0x08000230                TIM8_UP_TIM13_IRQHandler
                0x08000230                I2C3_ER_IRQHandler
                0x08000230                EXTI0_IRQHandler
                0x08000230                I2C2_EV_IRQHandler
                0x08000230                DMA1_Stream2_IRQHandler
                0x08000230                CAN1_RX0_IRQHandler
                0x08000230                FPU_IRQHandler
                0x08000230                OTG_HS_WKUP_IRQHandler
                0x08000230                CAN2_SCE_IRQHandler
                0x08000230                DMA2_Stream2_IRQHandler
                0x08000230                SPI1_IRQHandler
                0x08000230                TIM6_DAC_IRQHandler
                0x08000230                TIM1_BRK_TIM9_IRQHandler
                0x08000230                DCMI_IRQHandler
                0x08000230                CAN2_RX0_IRQHandler
                0x08000230                DMA2_Stream3_IRQHandler
                0x08000230                USART6_IRQHandler
                0x08000230                USART3_IRQHandler
                0x08000230                CRYP_IRQHandler
                0x08000230                CAN1_RX1_IRQHandler
                0x08000230                UART5_IRQHandler
                0x08000230                DMA2_Stream0_IRQHandler
                0x08000230                TIM4_IRQHandler
                0x08000230                I2C1_EV_IRQHandler
                0x08000230                DMA1_Stream6_IRQHandler
                0x08000230                DMA1_Stream1_IRQHandler
                0x08000230                UART4_IRQHandler
                0x08000230                RCC_IRQHandler
                0x08000230                TIM8_BRK_TIM12_IRQHandler
                0x08000230                Default_Handler
                0x08000230                EXTI15_10_IRQHandler
                0x08000230                ADC_IRQHandler
                0x08000230                DMA1_Stream7_IRQHandler
                0x08000230                TIM7_IRQHandler
                0x08000230                CAN2_TX_IRQHandler
                0x08000230                TIM5_IRQHandler
                0x08000230                DMA2_Stream7_IRQHandler
                0x08000230                I2C3_EV_IRQHandler
                0x08000230                EXTI9_5_IRQHandler
                0x08000230                RTC_WKUP_IRQHandler
                0x08000230                ETH_WKUP_IRQHandler
                0x08000230                SPI2_IRQHandler
                0x08000230                OTG_HS_EP1_IN_IRQHandler
                0x08000230                DMA1_Stream0_IRQHandler
                0x08000230                CAN1_TX_IRQHandler
                0x08000230                EXTI4_IRQHandler
                0x08000230                FSMC_IRQHandler
                0x08000230                ETH_IRQHandler
                0x08000230                OTG_HS_EP1_OUT_IRQHandler
                0x08000230                WWDG_IRQHandler
                0x08000230                OTG_FS_WKUP_IRQHandler
                0x08000230                TIM1_TRG_COM_TIM11_IRQHandler
                0x08000230                OTG_HS_IRQHandler
                0x08000230                EXTI1_IRQHandler
                0x08000230                USART2_IRQHandler
                0x08000230                I2C2_ER_IRQHandler
                0x08000230                DMA2_Stream1_IRQHandler
                0x08000230                CAN1_SCE_IRQHandler
                0x08000230                FLASH_IRQHandler
                0x08000230                DMA2_Stream4_IRQHandler
                0x08000230                USART1_IRQHandler
                0x08000230                OTG_FS_IRQHandler
                0x08000230                SPI3_IRQHandler
                0x08000230                DMA1_Stream4_IRQHandler
                0x08000230                I2C1_ER_IRQHandler
                0x08000230                DMA2_Stream6_IRQHandler
                0x08000230                DMA1_Stream3_IRQHandler
                0x08000238                NMI_Handler
                0x08000240                HardFault_Handler
                0x08000248                MemManage_Handler
                0x08000250                BusFault_Handler
                0x08000258                UsageFault_Handler
                0x08000268                DebugMon_Handler
                0x08000280                . = ALIGN (0x4)

._inits         0x08000280        0x8
                0x08000280                . = ALIGN (0x4)
 *(.init)
 *(.fini)
                0x08000280                . = ALIGN (0x4)
                0x08000280                PROVIDE (__preinit_array_start, .)
 *(.preinit_array_sysinit .preinit_array_sysinit.*)
 .preinit_array_sysinit
                0x08000280        0x4 ./libs/CMSIS/src/startup_cm.o
                0x08000280                p_system_init
 *(.preinit_array_platform .preinit_array_platform.*)
 .preinit_array_platform
                0x08000284        0x4 ./libs/CMSIS/src/startup_stm32f4xx.o
                0x08000284                p_fpu_init
 *(.preinit_array .preinit_array.*)
                0x08000288                PROVIDE (__preinit_array_end, .)
                0x08000288                . = ALIGN (0x4)
                0x08000288                PROVIDE (__init_array_start, .)
 *(SORT(.init_array.*))
 *(.init_array)
                0x08000288                PROVIDE (__init_array_end, .)
                0x08000288                . = ALIGN (0x4)
                0x08000288                PROVIDE (__fini_array_start, .)
 *(SORT(.fini_array.*))
 *(.fini_array)
                0x08000288                PROVIDE (__fini_array_end, .)
                0x08000288                . = ALIGN (0x4)

.flashtext      0x08000288        0x0
                0x08000288                . = ALIGN (0x4)
 *(.flashtext .flashtext.*)
                0x08000288                . = ALIGN (0x4)

.text           0x08000288     0x2e48
                0x08000288                . = ALIGN (0x4)
 *(.text .text.*)
 .text.vStartSpeakerTask
                0x08000288       0x34 ./src/speaker/speaker.o
                0x08000288                vStartSpeakerTask
 .text.vSpeakerTask
                0x080002bc       0x38 ./src/speaker/speaker.o
 .text.vParTestInitialise
                0x080002f4       0x20 ./src/hardware/gpio.o
                0x080002f4                vParTestInitialise
 .text.vParTestToggleLED
                0x08000314       0x30 ./src/hardware/gpio.o
                0x08000314                vParTestToggleLED
 .text.vUsart2Initialise
                0x08000344       0x7c ./src/hardware/usart2.o
                0x08000344                vUsart2Initialise
 .text.vStartUart2SendTask
                0x080003c0       0x34 ./src/UART/serial.o
                0x080003c0                vStartUart2SendTask
 .text.vUart2SendTask
                0x080003f4       0x40 ./src/UART/serial.o
 .text.vStartLEDFlashTasks
                0x08000434       0x44 ./src/LED_flash/flash.o
                0x08000434                vStartLEDFlashTasks
 .text.vLEDFlashTask
                0x08000478       0x68 ./src/LED_flash/flash.o
 .text.NVIC_SetPendingIRQ
                0x080004e0       0x34 ./src/main.o
 .text.main     0x08000514       0x3c ./src/main.o
                0x08000514                main
 .text.prvSetupHardware
                0x08000550       0x1c ./src/main.o
 .text.vApplicationTickHook
                0x0800056c       0x24 ./src/main.o
                0x0800056c                vApplicationTickHook
 .text.TIM3_IRQHandler
                0x08000590       0x3c ./src/main.o
                0x08000590                TIM3_IRQHandler
 .text.TIM2_IRQHandler
                0x080005cc       0x24 ./src/main.o
                0x080005cc                TIM2_IRQHandler
 .text.vApplicationMallocFailedHook
                0x080005f0        0xc ./src/main.o
                0x080005f0                vApplicationMallocFailedHook
 .text.vApplicationIdleHook
                0x080005fc        0xc ./src/main.o
                0x080005fc                vApplicationIdleHook
 .text.vApplicationStackOverflowHook
                0x08000608       0x10 ./src/main.o
                0x08000608                vApplicationStackOverflowHook
 .text.NVIC_PriorityGroupConfig
                0x08000618       0x24 ./libs/StdPeriph/src/misc.o
                0x08000618                NVIC_PriorityGroupConfig
 .text.GPIO_Init
                0x0800063c      0x11c ./libs/StdPeriph/src/stm32f4xx_gpio.o
                0x0800063c                GPIO_Init
 .text.GPIO_PinAFConfig
                0x08000758       0x8c ./libs/StdPeriph/src/stm32f4xx_gpio.o
                0x08000758                GPIO_PinAFConfig
 .text.RCC_GetClocksFreq
                0x080007e4      0x154 ./libs/StdPeriph/src/stm32f4xx_rcc.o
                0x080007e4                RCC_GetClocksFreq
 .text.RCC_AHB1PeriphClockCmd
                0x08000938       0x3c ./libs/StdPeriph/src/stm32f4xx_rcc.o
                0x08000938                RCC_AHB1PeriphClockCmd
 .text.RCC_APB1PeriphClockCmd
                0x08000974       0x3c ./libs/StdPeriph/src/stm32f4xx_rcc.o
                0x08000974                RCC_APB1PeriphClockCmd
 .text.USART_Init
                0x080009b0      0x174 ./libs/StdPeriph/src/stm32f4xx_usart.o
                0x080009b0                USART_Init
 .text.USART_Cmd
                0x08000b24       0x40 ./libs/StdPeriph/src/stm32f4xx_usart.o
                0x08000b24                USART_Cmd
 .text.USART_SendData
                0x08000b64       0x24 ./libs/StdPeriph/src/stm32f4xx_usart.o
                0x08000b64                USART_SendData
 .text.__libc_init_array
                0x08000b88       0x6c ./libs/CMSIS/src/startup_cm.o
                0x08000b88                __libc_init_array
 .text.__libc_fini_array
                0x08000bf4       0x3c ./libs/CMSIS/src/startup_cm.o
                0x08000bf4                __libc_fini_array
 .text._exit    0x08000c30        0xc ./libs/CMSIS/src/startup_stm32f4xx.o
                0x08000c30                _exit
 .text.SystemInit
                0x08000c3c       0x68 ./libs/CMSIS/src/system_stm32f4xx.o
                0x08000c3c                SystemInit
 .text.SetSysClock
                0x08000ca4       0xf4 ./libs/CMSIS/src/system_stm32f4xx.o
 .text.pvPortMalloc
                0x08000d98       0x98 ./FreeRTOS/Source/portable/MemMang/heap_1.o
                0x08000d98                pvPortMalloc
 .text.vPortFree
                0x08000e30       0x1c ./FreeRTOS/Source/portable/MemMang/heap_1.o
                0x08000e30                vPortFree
 .text.pxPortInitialiseStack
                0x08000e4c       0x64 ./FreeRTOS/Source/portable/GCC/ARM_CM4F/port.o
                0x08000e4c                pxPortInitialiseStack
 .text.prvTaskExitError
                0x08000eb0       0x20 ./FreeRTOS/Source/portable/GCC/ARM_CM4F/port.o
 .text.SVC_Handler
                0x08000ed0       0x20 ./FreeRTOS/Source/portable/GCC/ARM_CM4F/port.o
                0x08000ed0                SVC_Handler
 .text.prvPortStartFirstTask
                0x08000ef0       0x1c ./FreeRTOS/Source/portable/GCC/ARM_CM4F/port.o
 .text.xPortStartScheduler
                0x08000f0c       0xd0 ./FreeRTOS/Source/portable/GCC/ARM_CM4F/port.o
                0x08000f0c                xPortStartScheduler
 .text.vPortYield
                0x08000fdc       0x20 ./FreeRTOS/Source/portable/GCC/ARM_CM4F/port.o
                0x08000fdc                vPortYield
 .text.vPortEnterCritical
                0x08000ffc       0x20 ./FreeRTOS/Source/portable/GCC/ARM_CM4F/port.o
                0x08000ffc                vPortEnterCritical
 .text.vPortExitCritical
                0x0800101c       0x30 ./FreeRTOS/Source/portable/GCC/ARM_CM4F/port.o
                0x0800101c                vPortExitCritical
 .text.ulPortSetInterruptMask
                0x0800104c       0x14 ./FreeRTOS/Source/portable/GCC/ARM_CM4F/port.o
                0x0800104c                ulPortSetInterruptMask
 .text.vPortClearInterruptMask
                0x08001060        0x8 ./FreeRTOS/Source/portable/GCC/ARM_CM4F/port.o
                0x08001060                vPortClearInterruptMask
 .text.PendSV_Handler
                0x08001068       0x58 ./FreeRTOS/Source/portable/GCC/ARM_CM4F/port.o
                0x08001068                PendSV_Handler
 .text.SysTick_Handler
                0x080010c0       0x28 ./FreeRTOS/Source/portable/GCC/ARM_CM4F/port.o
                0x080010c0                SysTick_Handler
 .text.vPortSetupTimerInterrupt
                0x080010e8       0x34 ./FreeRTOS/Source/portable/GCC/ARM_CM4F/port.o
                0x080010e8                vPortSetupTimerInterrupt
 .text.vPortEnableVFP
                0x0800111c       0x14 ./FreeRTOS/Source/portable/GCC/ARM_CM4F/port.o
 .text.vPortValidateInterruptPriority
                0x08001130       0x58 ./FreeRTOS/Source/portable/GCC/ARM_CM4F/port.o
                0x08001130                vPortValidateInterruptPriority
 .text.vListInitialise
                0x08001188       0x40 ./FreeRTOS/Source/list.o
                0x08001188                vListInitialise
 .text.vListInitialiseItem
                0x080011c8       0x18 ./FreeRTOS/Source/list.o
                0x080011c8                vListInitialiseItem
 .text.vListInsertEnd
                0x080011e0       0x48 ./FreeRTOS/Source/list.o
                0x080011e0                vListInsertEnd
 .text.vListInsert
                0x08001228       0x70 ./FreeRTOS/Source/list.o
                0x08001228                vListInsert
 .text.uxListRemove
                0x08001298       0x54 ./FreeRTOS/Source/list.o
                0x08001298                uxListRemove
 .text.xQueueGenericReset
                0x080012ec       0xb0 ./FreeRTOS/Source/queue.o
                0x080012ec                xQueueGenericReset
 .text.xQueueGenericCreate
                0x0800139c       0x84 ./FreeRTOS/Source/queue.o
                0x0800139c                xQueueGenericCreate
 .text.xQueueGenericSend
                0x08001420      0x180 ./FreeRTOS/Source/queue.o
                0x08001420                xQueueGenericSend
 .text.xQueueGenericSendFromISR
                0x080015a0       0xd4 ./FreeRTOS/Source/queue.o
                0x080015a0                xQueueGenericSendFromISR
 .text.xQueueGenericReceive
                0x08001674      0x1bc ./FreeRTOS/Source/queue.o
                0x08001674                xQueueGenericReceive
 .text.prvCopyDataToQueue
                0x08001830       0xd0 ./FreeRTOS/Source/queue.o
 .text.prvCopyDataFromQueue
                0x08001900       0x4c ./FreeRTOS/Source/queue.o
 .text.prvUnlockQueue
                0x0800194c       0x98 ./FreeRTOS/Source/queue.o
 .text.prvIsQueueEmpty
                0x080019e4       0x2c ./FreeRTOS/Source/queue.o
 .text.prvIsQueueFull
                0x08001a10       0x30 ./FreeRTOS/Source/queue.o
 .text.vQueueAddToRegistry
                0x08001a40       0x50 ./FreeRTOS/Source/queue.o
                0x08001a40                vQueueAddToRegistry
 .text.vQueueWaitForMessageRestricted
                0x08001a90       0x58 ./FreeRTOS/Source/queue.o
                0x08001a90                vQueueWaitForMessageRestricted
 .text.xTaskGenericCreate
                0x08001ae8      0x168 ./FreeRTOS/Source/tasks.o
                0x08001ae8                xTaskGenericCreate
 .text.vTaskDelayUntil
                0x08001c50       0xc0 ./FreeRTOS/Source/tasks.o
                0x08001c50                vTaskDelayUntil
 .text.vTaskDelay
                0x08001d10       0x64 ./FreeRTOS/Source/tasks.o
                0x08001d10                vTaskDelay
 .text.vTaskStartScheduler
                0x08001d74       0x70 ./FreeRTOS/Source/tasks.o
                0x08001d74                vTaskStartScheduler
 .text.vTaskSuspendAll
                0x08001de4       0x1c ./FreeRTOS/Source/tasks.o
                0x08001de4                vTaskSuspendAll
 .text.xTaskResumeAll
                0x08001e00      0x10c ./FreeRTOS/Source/tasks.o
                0x08001e00                xTaskResumeAll
 .text.xTaskGetTickCount
                0x08001f0c       0x24 ./FreeRTOS/Source/tasks.o
                0x08001f0c                xTaskGetTickCount
 .text.xTaskIncrementTick
                0x08001f30      0x180 ./FreeRTOS/Source/tasks.o
                0x08001f30                xTaskIncrementTick
 .text.vTaskSwitchContext
                0x080020b0       0xf4 ./FreeRTOS/Source/tasks.o
                0x080020b0                vTaskSwitchContext
 .text.vTaskPlaceOnEventList
                0x080021a4       0x6c ./FreeRTOS/Source/tasks.o
                0x080021a4                vTaskPlaceOnEventList
 .text.vTaskPlaceOnEventListRestricted
                0x08002210       0x50 ./FreeRTOS/Source/tasks.o
                0x08002210                vTaskPlaceOnEventListRestricted
 .text.xTaskRemoveFromEventList
                0x08002260       0xb8 ./FreeRTOS/Source/tasks.o
                0x08002260                xTaskRemoveFromEventList
 .text.vTaskSetTimeOutState
                0x08002318       0x34 ./FreeRTOS/Source/tasks.o
                0x08002318                vTaskSetTimeOutState
 .text.xTaskCheckForTimeOut
                0x0800234c       0xa0 ./FreeRTOS/Source/tasks.o
                0x0800234c                xTaskCheckForTimeOut
 .text.vTaskMissedYield
                0x080023ec       0x18 ./FreeRTOS/Source/tasks.o
                0x080023ec                vTaskMissedYield
 .text.prvIdleTask
                0x08002404       0x24 ./FreeRTOS/Source/tasks.o
 .text.prvInitialiseTCBVariables
                0x08002428       0x90 ./FreeRTOS/Source/tasks.o
 .text.prvInitialiseTaskLists
                0x080024b8       0x7c ./FreeRTOS/Source/tasks.o
 .text.prvCheckTasksWaitingTermination
                0x08002534       0x74 ./FreeRTOS/Source/tasks.o
 .text.prvAddCurrentTaskToDelayedList
                0x080025a8       0x6c ./FreeRTOS/Source/tasks.o
 .text.prvAllocateTCBAndStack
                0x08002614       0x64 ./FreeRTOS/Source/tasks.o
 .text.prvDeleteTCB
                0x08002678       0x20 ./FreeRTOS/Source/tasks.o
 .text.prvResetNextTaskUnblockTime
                0x08002698       0x48 ./FreeRTOS/Source/tasks.o
 .text.xTaskGetCurrentTaskHandle
                0x080026e0       0x20 ./FreeRTOS/Source/tasks.o
                0x080026e0                xTaskGetCurrentTaskHandle
 .text.xTaskGetSchedulerState
                0x08002700       0x3c ./FreeRTOS/Source/tasks.o
                0x08002700                xTaskGetSchedulerState
 .text.vTaskPriorityInherit
                0x0800273c       0xbc ./FreeRTOS/Source/tasks.o
                0x0800273c                vTaskPriorityInherit
 .text.vTaskPriorityDisinherit
                0x080027f8       0x84 ./FreeRTOS/Source/tasks.o
                0x080027f8                vTaskPriorityDisinherit
 .text.xTimerCreateTimerTask
                0x0800287c       0x58 ./FreeRTOS/Source/timers.o
                0x0800287c                xTimerCreateTimerTask
 .text.xTimerGenericCommand
                0x080028d4       0x8c ./FreeRTOS/Source/timers.o
                0x080028d4                xTimerGenericCommand
 .text.prvProcessExpiredTimer
                0x08002960       0x70 ./FreeRTOS/Source/timers.o
 .text.prvTimerTask
                0x080029d0       0x24 ./FreeRTOS/Source/timers.o
 .text.prvProcessTimerOrBlockTask
                0x080029f4       0x6c ./FreeRTOS/Source/timers.o
 .text.prvGetNextExpireTime
                0x08002a60       0x48 ./FreeRTOS/Source/timers.o
 .text.prvSampleTimeNow
                0x08002aa8       0x40 ./FreeRTOS/Source/timers.o
 .text.prvInsertTimerInActiveList
                0x08002ae8       0x84 ./FreeRTOS/Source/timers.o
 .text.prvProcessReceivedCommands
                0x08002b6c      0x110 ./FreeRTOS/Source/timers.o
 .text.prvSwitchTimerLists
                0x08002c7c       0xb0 ./FreeRTOS/Source/timers.o
 .text.prvCheckForValidListAndQueue
                0x08002d2c       0x78 ./FreeRTOS/Source/timers.o
 .text.STM_EVAL_LEDInit
                0x08002da4       0x5c ./FreeRTOS/Settings/board/stm32f4_discovery.o
                0x08002da4                STM_EVAL_LEDInit
 .text.STM_EVAL_LEDToggle
                0x08002e00       0x3c ./FreeRTOS/Settings/board/stm32f4_discovery.o
                0x08002e00                STM_EVAL_LEDToggle
 .text.memcmp   0x08002e3c       0x68 /home/jerzy/ARMtoolchains/gcc-arm-none-eabi-4_8-2013q4/bin/../lib/gcc/arm-none-eabi/4.8.3/../../../../arm-none-eabi/lib/armv7e-m/softfp/libg.a(lib_a-memcmp.o)
                0x08002e3c                memcmp
 .text          0x08002ea4      0x134 /home/jerzy/ARMtoolchains/gcc-arm-none-eabi-4_8-2013q4/bin/../lib/gcc/arm-none-eabi/4.8.3/../../../../arm-none-eabi/lib/armv7e-m/softfp/libg.a(lib_a-memcpy.o)
                0x08002ea4                memcpy
 .text.memset   0x08002fd8       0x94 /home/jerzy/ARMtoolchains/gcc-arm-none-eabi-4_8-2013q4/bin/../lib/gcc/arm-none-eabi/4.8.3/../../../../arm-none-eabi/lib/armv7e-m/softfp/libg.a(lib_a-memset.o)
                0x08002fd8                memset
 *(.rodata .rodata.*)
 .rodata        0x0800306c        0x8 ./src/speaker/speaker.o
 .rodata.xLEDs  0x08003074        0x4 ./src/hardware/gpio.o
 .rodata        0x08003078        0xc ./src/UART/serial.o
 .rodata        0x08003084        0x8 ./src/LED_flash/flash.o
 .rodata        0x0800308c        0x8 ./FreeRTOS/Source/tasks.o
 .rodata.ucExpectedStackBytes.8772
                0x08003094       0x14 ./FreeRTOS/Source/tasks.o
 .rodata        0x080030a8       0x10 ./FreeRTOS/Source/timers.o
 .rodata.GPIO_PIN
                0x080030b8        0x8 ./FreeRTOS/Settings/board/stm32f4_discovery.o
                0x080030b8                GPIO_PIN
 .rodata.GPIO_CLK
                0x080030c0       0x10 ./FreeRTOS/Settings/board/stm32f4_discovery.o
                0x080030c0                GPIO_CLK
 *(.eh_frame*)
 *(.glue_7)
 .glue_7        0x00000000        0x0 linker stubs
 *(.glue_7t)
 .glue_7t       0x00000000        0x0 linker stubs

.vfp11_veneer   0x080030d0        0x0
 .vfp11_veneer  0x00000000        0x0 linker stubs

.v4_bx          0x080030d0        0x0
 .v4_bx         0x00000000        0x0 linker stubs

.iplt           0x080030d0        0x0
 .iplt          0x00000000        0x0 ./src/speaker/speaker.o

.rel.dyn        0x080030d0        0x0
 .rel.iplt      0x00000000        0x0 ./src/speaker/speaker.o

.ARM.extab
 *(.ARM.extab* .gnu.linkonce.armextab.*)
                0x080030d0                __exidx_start = .

.ARM.exidx
 *(.ARM.exidx* .gnu.linkonce.armexidx.*)
                0x080030d0                __exidx_end = .
                0x080030d0                . = ALIGN (0x4)
                0x080030d0                _etext = .
                0x080030d0                _sidata = _etext

.ROarraySection
 *(.ROarraySection .ROarraySection.*)

.data           0x20000000       0x2c load address 0x080030d0
                0x20000000                . = ALIGN (0x4)
                0x20000000                _sdata = .
                0x20000000                __data_start__ = .
 *(vtable)
 *(EXCLUDE_FILE(*rdimon-crt0.o) .data .data.*)
 .data.APBAHBPrescTable
                0x20000000       0x10 ./libs/StdPeriph/src/stm32f4xx_rcc.o
 .data.SystemCoreClock
                0x20000010        0x4 ./libs/CMSIS/src/system_stm32f4xx.o
                0x20000010                SystemCoreClock
 .data.uxCriticalNesting
                0x20000014        0x4 ./FreeRTOS/Source/portable/GCC/ARM_CM4F/port.o
 .data.xNextTaskUnblockTime
                0x20000018        0x4 ./FreeRTOS/Source/tasks.o
 .data.GPIO_PORT
                0x2000001c       0x10 ./FreeRTOS/Settings/board/stm32f4_discovery.o
                0x2000001c                GPIO_PORT
                0x2000002c                . = ALIGN (0x4)
                0x2000002c                _edata = .
                0x2000002c                __data_end__ = .

.igot.plt       0x2000002c        0x0 load address 0x080030fc
 .igot.plt      0x00000000        0x0 ./src/speaker/speaker.o

.bss            0x2000002c    0x12d94 load address 0x080030fc
                0x2000002c                . = ALIGN (0x4)
 *rdimon-crt0.o(.data)
                0x2000002c                . = ALIGN (0x4)
                0x2000002c                __bss_start__ = .
                0x2000002c                _sbss = .
 *(.bss .bss.*)
 .bss.uxFlashTaskNumber
                0x2000002c        0x4 ./src/LED_flash/flash.o
 .bss.ulFPUInterruptNesting
                0x20000030        0x4 ./src/main.o
                0x20000030                ulFPUInterruptNesting
 .bss.ulMaxFPUInterruptNesting
                0x20000034        0x4 ./src/main.o
                0x20000034                ulMaxFPUInterruptNesting
 .bss.ucHeap    0x20000038    0x12c00 ./FreeRTOS/Source/portable/MemMang/heap_1.o
 .bss.xNextFreeByte
                0x20012c38        0x4 ./FreeRTOS/Source/portable/MemMang/heap_1.o
 .bss.pucAlignedHeap.8365
                0x20012c3c        0x4 ./FreeRTOS/Source/portable/MemMang/heap_1.o
 .bss.ucMaxSysCallPriority
                0x20012c40        0x1 ./FreeRTOS/Source/portable/GCC/ARM_CM4F/port.o
 *fill*         0x20012c41        0x3 
 .bss.ulMaxPRIGROUPValue
                0x20012c44        0x4 ./FreeRTOS/Source/portable/GCC/ARM_CM4F/port.o
 .bss.pxCurrentTCB
                0x20012c48        0x4 ./FreeRTOS/Source/tasks.o
                0x20012c48                pxCurrentTCB
 .bss.pxReadyTasksLists
                0x20012c4c       0x64 ./FreeRTOS/Source/tasks.o
 .bss.xDelayedTaskList1
                0x20012cb0       0x14 ./FreeRTOS/Source/tasks.o
 .bss.xDelayedTaskList2
                0x20012cc4       0x14 ./FreeRTOS/Source/tasks.o
 .bss.pxDelayedTaskList
                0x20012cd8        0x4 ./FreeRTOS/Source/tasks.o
 .bss.pxOverflowDelayedTaskList
                0x20012cdc        0x4 ./FreeRTOS/Source/tasks.o
 .bss.xPendingReadyList
                0x20012ce0       0x14 ./FreeRTOS/Source/tasks.o
 .bss.xTasksWaitingTermination
                0x20012cf4       0x14 ./FreeRTOS/Source/tasks.o
 .bss.uxTasksDeleted
                0x20012d08        0x4 ./FreeRTOS/Source/tasks.o
 .bss.xSuspendedTaskList
                0x20012d0c       0x14 ./FreeRTOS/Source/tasks.o
 .bss.uxCurrentNumberOfTasks
                0x20012d20        0x4 ./FreeRTOS/Source/tasks.o
 .bss.xTickCount
                0x20012d24        0x4 ./FreeRTOS/Source/tasks.o
 .bss.uxTopReadyPriority
                0x20012d28        0x4 ./FreeRTOS/Source/tasks.o
 .bss.xSchedulerRunning
                0x20012d2c        0x4 ./FreeRTOS/Source/tasks.o
 .bss.uxPendedTicks
                0x20012d30        0x4 ./FreeRTOS/Source/tasks.o
 .bss.xYieldPending
                0x20012d34        0x4 ./FreeRTOS/Source/tasks.o
 .bss.xNumOfOverflows
                0x20012d38        0x4 ./FreeRTOS/Source/tasks.o
 .bss.uxTaskNumber
                0x20012d3c        0x4 ./FreeRTOS/Source/tasks.o
 .bss.uxSchedulerSuspended
                0x20012d40        0x4 ./FreeRTOS/Source/tasks.o
 .bss.xActiveTimerList1
                0x20012d44       0x14 ./FreeRTOS/Source/timers.o
 .bss.xActiveTimerList2
                0x20012d58       0x14 ./FreeRTOS/Source/timers.o
 .bss.pxCurrentTimerList
                0x20012d6c        0x4 ./FreeRTOS/Source/timers.o
 .bss.pxOverflowTimerList
                0x20012d70        0x4 ./FreeRTOS/Source/timers.o
 .bss.xTimerQueue
                0x20012d74        0x4 ./FreeRTOS/Source/timers.o
 .bss.xLastTime.8608
                0x20012d78        0x4 ./FreeRTOS/Source/timers.o
 *(COMMON)
 COMMON         0x20012d7c        0x4 ./src/main.o
                0x20012d7c                xUsart2OutQueue
 COMMON         0x20012d80       0x40 ./FreeRTOS/Source/queue.o
                0x20012d80                xQueueRegistry
                0x20012dc0                . = ALIGN (0x4)
                0x20012dc0                __bss_end__ = .
                0x20012dc0                _ebss = .

.noinit         0x20012dc0        0x0
                0x20012dc0                . = ALIGN (0x4)
                0x20012dc0                _noinit = .
 *(.noinit .noinit.*)
                0x20012dc0                . = ALIGN (0x4)
                0x20012dc0                _end_noinit = .
                0x20012dc0                PROVIDE (end, _end_noinit)
                0x20012dc0                PROVIDE (_end, _end_noinit)
                0x20012dc0                PROVIDE (__end, _end_noinit)
                0x20012dc0                PROVIDE (__end__, _end_noinit)

._check_stack   0x20012dc0      0x100 load address 0x08015e90
                0x20012dc0                . = ALIGN (0x4)
                0x20012ec0                . = (. + _Minimum_Stack_Size)
 *fill*         0x20012dc0      0x100 
                0x20012ec0                . = ALIGN (0x4)

.bss_CCMRAM
 *(.bss.CCMRAM .bss.CCMRAM.*)

.b1text
 *(.b1text)
 *(.b1rodata)
 *(.b1rodata.*)

.eb0text
 *(.eb0text)
 *(.eb0rodata)
 *(.eb0rodata.*)

.eb1text
 *(.eb1text)
 *(.eb1rodata)
 *(.eb1rodata.*)

.eb2text
 *(.eb2text)
 *(.eb2rodata)
 *(.eb2rodata.*)

.eb3text
 *(.eb3text)
 *(.eb3rodata)
 *(.eb3rodata.*)

.stab
 *(.stab)

.stabstr
 *(.stabstr)

.stab.excl
 *(.stab.excl)

.stab.exclstr
 *(.stab.exclstr)

.stab.index
 *(.stab.index)

.stab.indexstr
 *(.stab.indexstr)

.comment        0x00000000       0x70
 *(.comment)
 .comment       0x00000000       0x70 ./src/speaker/speaker.o
                                 0x71 (size before relaxing)
 .comment       0x00000000       0x71 ./src/hardware/gpio.o
 .comment       0x00000000       0x71 ./src/hardware/usart2.o
 .comment       0x00000000       0x71 ./src/UART/serial.o
 .comment       0x00000000       0x71 ./src/LED_flash/flash.o
 .comment       0x00000000       0x71 ./src/main.o
 .comment       0x00000000       0x71 ./libs/StdPeriph/src/misc.o
 .comment       0x00000000       0x71 ./libs/StdPeriph/src/stm32f4xx_gpio.o
 .comment       0x00000000       0x71 ./libs/StdPeriph/src/stm32f4xx_rcc.o
 .comment       0x00000000       0x71 ./libs/StdPeriph/src/stm32f4xx_usart.o
 .comment       0x00000000       0x71 ./libs/CMSIS/src/startup_cm.o
 .comment       0x00000000       0x71 ./libs/CMSIS/src/startup_stm32f4xx.o
 .comment       0x00000000       0x71 ./libs/CMSIS/src/system_stm32f4xx.o
 .comment       0x00000000       0x71 ./libs/CMSIS/src/vectors_stm32f4xx.o
 .comment       0x00000000       0x71 ./FreeRTOS/Source/portable/MemMang/heap_1.o
 .comment       0x00000000       0x71 ./FreeRTOS/Source/portable/GCC/ARM_CM4F/port.o
 .comment       0x00000000       0x71 ./FreeRTOS/Source/list.o
 .comment       0x00000000       0x71 ./FreeRTOS/Source/queue.o
 .comment       0x00000000       0x71 ./FreeRTOS/Source/tasks.o
 .comment       0x00000000       0x71 ./FreeRTOS/Source/timers.o
 .comment       0x00000000       0x71 ./FreeRTOS/Settings/board/stm32f4_discovery.o

.ARM.attributes
                0x00000000       0x35
 .ARM.attributes
                0x00000000       0x37 ./src/speaker/speaker.o
 .ARM.attributes
                0x00000037       0x37 ./src/hardware/gpio.o
 .ARM.attributes
                0x0000006e       0x37 ./src/hardware/usart2.o
 .ARM.attributes
                0x000000a5       0x37 ./src/UART/serial.o
 .ARM.attributes
                0x000000dc       0x37 ./src/LED_flash/flash.o
 .ARM.attributes
                0x00000113       0x37 ./src/main.o
 .ARM.attributes
                0x0000014a       0x37 ./libs/StdPeriph/src/misc.o
 .ARM.attributes
                0x00000181       0x37 ./libs/StdPeriph/src/stm32f4xx_gpio.o
 .ARM.attributes
                0x000001b8       0x37 ./libs/StdPeriph/src/stm32f4xx_rcc.o
 .ARM.attributes
                0x000001ef       0x37 ./libs/StdPeriph/src/stm32f4xx_usart.o
 .ARM.attributes
                0x00000226       0x37 ./libs/CMSIS/src/startup_cm.o
 .ARM.attributes
                0x0000025d       0x37 ./libs/CMSIS/src/startup_stm32f4xx.o
 .ARM.attributes
                0x00000294       0x37 ./libs/CMSIS/src/system_stm32f4xx.o
 .ARM.attributes
                0x000002cb       0x37 ./libs/CMSIS/src/vectors_stm32f4xx.o
 .ARM.attributes
                0x00000302       0x37 ./FreeRTOS/Source/portable/MemMang/heap_1.o
 .ARM.attributes
                0x00000339       0x37 ./FreeRTOS/Source/portable/GCC/ARM_CM4F/port.o
 .ARM.attributes
                0x00000370       0x37 ./FreeRTOS/Source/list.o
 .ARM.attributes
                0x000003a7       0x37 ./FreeRTOS/Source/queue.o
 .ARM.attributes
                0x000003de       0x37 ./FreeRTOS/Source/tasks.o
 .ARM.attributes
                0x00000415       0x37 ./FreeRTOS/Source/timers.o
 .ARM.attributes
                0x0000044c       0x37 ./FreeRTOS/Settings/board/stm32f4_discovery.o
 .ARM.attributes
                0x00000483       0x32 /home/jerzy/ARMtoolchains/gcc-arm-none-eabi-4_8-2013q4/bin/../lib/gcc/arm-none-eabi/4.8.3/../../../../arm-none-eabi/lib/armv7e-m/softfp/libg.a(lib_a-memcmp.o)
 .ARM.attributes
                0x000004b5       0x20 /home/jerzy/ARMtoolchains/gcc-arm-none-eabi-4_8-2013q4/bin/../lib/gcc/arm-none-eabi/4.8.3/../../../../arm-none-eabi/lib/armv7e-m/softfp/libg.a(lib_a-memcpy.o)
 .ARM.attributes
                0x000004d5       0x32 /home/jerzy/ARMtoolchains/gcc-arm-none-eabi-4_8-2013q4/bin/../lib/gcc/arm-none-eabi/4.8.3/../../../../arm-none-eabi/lib/armv7e-m/softfp/libg.a(lib_a-memset.o)

.debug
 *(.debug)

.line
 *(.line)

.debug_srcinfo
 *(.debug_srcinfo)

.debug_sfnames
 *(.debug_sfnames)

.debug_aranges  0x00000000      0xa00
 *(.debug_aranges)
 .debug_aranges
                0x00000000       0x28 ./src/speaker/speaker.o
 .debug_aranges
                0x00000028       0x30 ./src/hardware/gpio.o
 .debug_aranges
                0x00000058       0x20 ./src/hardware/usart2.o
 .debug_aranges
                0x00000078       0x28 ./src/UART/serial.o
 .debug_aranges
                0x000000a0       0x28 ./src/LED_flash/flash.o
 .debug_aranges
                0x000000c8       0x68 ./src/main.o
 .debug_aranges
                0x00000130       0x40 ./libs/StdPeriph/src/misc.o
 .debug_aranges
                0x00000170       0x88 ./libs/StdPeriph/src/stm32f4xx_gpio.o
 .debug_aranges
                0x000001f8      0x1b8 ./libs/StdPeriph/src/stm32f4xx_rcc.o
 .debug_aranges
                0x000003b0      0x100 ./libs/StdPeriph/src/stm32f4xx_usart.o
 .debug_aranges
                0x000004b0       0x38 ./libs/CMSIS/src/startup_cm.o
 .debug_aranges
                0x000004e8       0x28 ./libs/CMSIS/src/startup_stm32f4xx.o
 .debug_aranges
                0x00000510       0x30 ./libs/CMSIS/src/system_stm32f4xx.o
 .debug_aranges
                0x00000540       0x68 ./libs/CMSIS/src/vectors_stm32f4xx.o
 .debug_aranges
                0x000005a8       0x38 ./FreeRTOS/Source/portable/MemMang/heap_1.o
 .debug_aranges
                0x000005e0       0x98 ./FreeRTOS/Source/portable/GCC/ARM_CM4F/port.o
 .debug_aranges
                0x00000678       0x40 ./FreeRTOS/Source/list.o
 .debug_aranges
                0x000006b8       0xf8 ./FreeRTOS/Source/queue.o
 .debug_aranges
                0x000007b0      0x180 ./FreeRTOS/Source/tasks.o
 .debug_aranges
                0x00000930       0x88 ./FreeRTOS/Source/timers.o
 .debug_aranges
                0x000009b8       0x48 ./FreeRTOS/Settings/board/stm32f4_discovery.o

.debug_pubnames
 *(.debug_pubnames)

.debug_info     0x00000000     0x71f0
 *(.debug_info .gnu.linkonce.wi.*)
 .debug_info    0x00000000      0x13e ./src/speaker/speaker.o
 .debug_info    0x0000013e      0x165 ./src/hardware/gpio.o
 .debug_info    0x000002a3      0x3c7 ./src/hardware/usart2.o
 .debug_info    0x0000066a      0x22b ./src/UART/serial.o
 .debug_info    0x00000895      0x15a ./src/LED_flash/flash.o
 .debug_info    0x000009ef      0x5cd ./src/main.o
 .debug_info    0x00000fbc      0x524 ./libs/StdPeriph/src/misc.o
 .debug_info    0x000014e0      0x5e1 ./libs/StdPeriph/src/stm32f4xx_gpio.o
 .debug_info    0x00001ac1      0xdde ./libs/StdPeriph/src/stm32f4xx_rcc.o
 .debug_info    0x0000289f      0x99e ./libs/StdPeriph/src/stm32f4xx_usart.o
 .debug_info    0x0000323d      0x29c ./libs/CMSIS/src/startup_cm.o
 .debug_info    0x000034d9       0xd9 ./libs/CMSIS/src/startup_stm32f4xx.o
 .debug_info    0x000035b2      0x598 ./libs/CMSIS/src/system_stm32f4xx.o
 .debug_info    0x00003b4a      0x135 ./libs/CMSIS/src/vectors_stm32f4xx.o
 .debug_info    0x00003c7f      0x1a0 ./FreeRTOS/Source/portable/MemMang/heap_1.o
 .debug_info    0x00003e1f      0x346 ./FreeRTOS/Source/portable/GCC/ARM_CM4F/port.o
 .debug_info    0x00004165      0x2bd ./FreeRTOS/Source/list.o
 .debug_info    0x00004422      0xbb1 ./FreeRTOS/Source/queue.o
 .debug_info    0x00004fd3     0x11fa ./FreeRTOS/Source/tasks.o
 .debug_info    0x000061cd      0x7be ./FreeRTOS/Source/timers.o
 .debug_info    0x0000698b      0x865 ./FreeRTOS/Settings/board/stm32f4_discovery.o

.debug_abbrev   0x00000000     0x1a96
 *(.debug_abbrev)
 .debug_abbrev  0x00000000       0xba ./src/speaker/speaker.o
 .debug_abbrev  0x000000ba       0xd1 ./src/hardware/gpio.o
 .debug_abbrev  0x0000018b      0x104 ./src/hardware/usart2.o
 .debug_abbrev  0x0000028f       0xf9 ./src/UART/serial.o
 .debug_abbrev  0x00000388       0xa9 ./src/LED_flash/flash.o
 .debug_abbrev  0x00000431      0x1c9 ./src/main.o
 .debug_abbrev  0x000005fa      0x14a ./libs/StdPeriph/src/misc.o
 .debug_abbrev  0x00000744      0x1a8 ./libs/StdPeriph/src/stm32f4xx_gpio.o
 .debug_abbrev  0x000008ec      0x1bf ./libs/StdPeriph/src/stm32f4xx_rcc.o
 .debug_abbrev  0x00000aab      0x15a ./libs/StdPeriph/src/stm32f4xx_usart.o
 .debug_abbrev  0x00000c05      0x128 ./libs/CMSIS/src/startup_cm.o
 .debug_abbrev  0x00000d2d       0xa9 ./libs/CMSIS/src/startup_stm32f4xx.o
 .debug_abbrev  0x00000dd6      0x13b ./libs/CMSIS/src/system_stm32f4xx.o
 .debug_abbrev  0x00000f11       0x92 ./libs/CMSIS/src/vectors_stm32f4xx.o
 .debug_abbrev  0x00000fa3      0x123 ./FreeRTOS/Source/portable/MemMang/heap_1.o
 .debug_abbrev  0x000010c6      0x1b1 ./FreeRTOS/Source/portable/GCC/ARM_CM4F/port.o
 .debug_abbrev  0x00001277       0xdb ./FreeRTOS/Source/list.o
 .debug_abbrev  0x00001352      0x1ce ./FreeRTOS/Source/queue.o
 .debug_abbrev  0x00001520      0x24b ./FreeRTOS/Source/tasks.o
 .debug_abbrev  0x0000176b      0x1a3 ./FreeRTOS/Source/timers.o
 .debug_abbrev  0x0000190e      0x188 ./FreeRTOS/Settings/board/stm32f4_discovery.o

.debug_line     0x00000000     0x9670
 *(.debug_line)
 .debug_line    0x00000000      0x6f2 ./src/speaker/speaker.o
 .debug_line    0x000006f2      0x6f2 ./src/hardware/gpio.o
 .debug_line    0x00000de4      0x58f ./src/hardware/usart2.o
 .debug_line    0x00001373      0x6eb ./src/UART/serial.o
 .debug_line    0x00001a5e      0x76e ./src/LED_flash/flash.o
 .debug_line    0x000021cc      0x8ce ./src/main.o
 .debug_line    0x00002a9a      0x571 ./libs/StdPeriph/src/misc.o
 .debug_line    0x0000300b      0x667 ./libs/StdPeriph/src/stm32f4xx_gpio.o
 .debug_line    0x00003672      0x964 ./libs/StdPeriph/src/stm32f4xx_rcc.o
 .debug_line    0x00003fd6      0x7b6 ./libs/StdPeriph/src/stm32f4xx_usart.o
 .debug_line    0x0000478c      0x2a8 ./libs/CMSIS/src/startup_cm.o
 .debug_line    0x00004a34      0x535 ./libs/CMSIS/src/startup_stm32f4xx.o
 .debug_line    0x00004f69      0x593 ./libs/CMSIS/src/system_stm32f4xx.o
 .debug_line    0x000054fc       0x93 ./libs/CMSIS/src/vectors_stm32f4xx.o
 .debug_line    0x0000558f      0x72c ./FreeRTOS/Source/portable/MemMang/heap_1.o
 .debug_line    0x00005cbb      0x7ec ./FreeRTOS/Source/portable/GCC/ARM_CM4F/port.o
 .debug_line    0x000064a7      0x72e ./FreeRTOS/Source/list.o
 .debug_line    0x00006bd5      0xca6 ./FreeRTOS/Source/queue.o
 .debug_line    0x0000787b      0xf88 ./FreeRTOS/Source/tasks.o
 .debug_line    0x00008803      0x8bc ./FreeRTOS/Source/timers.o
 .debug_line    0x000090bf      0x5b1 ./FreeRTOS/Settings/board/stm32f4_discovery.o

.debug_frame    0x00000000     0x1e94
 *(.debug_frame)
 .debug_frame   0x00000000       0x50 ./src/speaker/speaker.o
 .debug_frame   0x00000050       0x6c ./src/hardware/gpio.o
 .debug_frame   0x000000bc       0x30 ./src/hardware/usart2.o
 .debug_frame   0x000000ec       0x50 ./src/UART/serial.o
 .debug_frame   0x0000013c       0x50 ./src/LED_flash/flash.o
 .debug_frame   0x0000018c      0x124 ./src/main.o
 .debug_frame   0x000002b0       0x9c ./libs/StdPeriph/src/misc.o
 .debug_frame   0x0000034c      0x19c ./libs/StdPeriph/src/stm32f4xx_gpio.o
 .debug_frame   0x000004e8      0x5b8 ./libs/StdPeriph/src/stm32f4xx_rcc.o
 .debug_frame   0x00000aa0      0x344 ./libs/StdPeriph/src/stm32f4xx_usart.o
 .debug_frame   0x00000de4       0x90 ./libs/CMSIS/src/startup_cm.o
 .debug_frame   0x00000e74       0x44 ./libs/CMSIS/src/startup_stm32f4xx.o
 .debug_frame   0x00000eb8       0x64 ./libs/CMSIS/src/system_stm32f4xx.o
 .debug_frame   0x00000f1c      0x100 ./libs/CMSIS/src/vectors_stm32f4xx.o
 .debug_frame   0x0000101c       0x80 ./FreeRTOS/Source/portable/MemMang/heap_1.o
 .debug_frame   0x0000109c      0x188 ./FreeRTOS/Source/portable/GCC/ARM_CM4F/port.o
 .debug_frame   0x00001224       0x9c ./FreeRTOS/Source/list.o
 .debug_frame   0x000012c0      0x37c ./FreeRTOS/Source/queue.o
 .debug_frame   0x0000163c      0x578 ./FreeRTOS/Source/tasks.o
 .debug_frame   0x00001bb4      0x1c4 ./FreeRTOS/Source/timers.o
 .debug_frame   0x00001d78       0xc4 ./FreeRTOS/Settings/board/stm32f4_discovery.o
 .debug_frame   0x00001e3c       0x2c /home/jerzy/ARMtoolchains/gcc-arm-none-eabi-4_8-2013q4/bin/../lib/gcc/arm-none-eabi/4.8.3/../../../../arm-none-eabi/lib/armv7e-m/softfp/libg.a(lib_a-memcmp.o)
 .debug_frame   0x00001e68       0x2c /home/jerzy/ARMtoolchains/gcc-arm-none-eabi-4_8-2013q4/bin/../lib/gcc/arm-none-eabi/4.8.3/../../../../arm-none-eabi/lib/armv7e-m/softfp/libg.a(lib_a-memset.o)

.debug_str      0x00000000    0x68adf
 *(.debug_str)
 .debug_str     0x00000000    0x61a4c ./src/speaker/speaker.o
                              0x61c6c (size before relaxing)
 .debug_str     0x00061a4c      0x2f9 ./src/hardware/gpio.o
                              0x6044c (size before relaxing)
 .debug_str     0x00061d45      0x272 ./src/hardware/usart2.o
                              0x5dd31 (size before relaxing)
 .debug_str     0x00061fb7       0x7f ./src/UART/serial.o
                              0x61cde (size before relaxing)
 .debug_str     0x00062036      0x12f ./src/LED_flash/flash.o
                              0x612e4 (size before relaxing)
 .debug_str     0x00062165     0x166e ./src/main.o
                              0x624e7 (size before relaxing)
 .debug_str     0x000637d3      0x215 ./libs/StdPeriph/src/misc.o
                              0x5d86c (size before relaxing)
 .debug_str     0x000639e8      0x18a ./libs/StdPeriph/src/stm32f4xx_gpio.o
                              0x5d909 (size before relaxing)
 .debug_str     0x00063b72      0xd25 ./libs/StdPeriph/src/stm32f4xx_rcc.o
                              0x5e3c5 (size before relaxing)
 .debug_str     0x00064897      0x4b2 ./libs/StdPeriph/src/stm32f4xx_usart.o
                              0x5dc1c (size before relaxing)
 .debug_str     0x00064d49      0x4eb ./libs/CMSIS/src/startup_cm.o
                               0x34cd (size before relaxing)
 .debug_str     0x00065234       0x37 ./libs/CMSIS/src/startup_stm32f4xx.o
                              0x5d614 (size before relaxing)
 .debug_str     0x0006526b       0xf3 ./libs/CMSIS/src/system_stm32f4xx.o
                              0x5d878 (size before relaxing)
 .debug_str     0x0006535e       0xb0 ./libs/CMSIS/src/vectors_stm32f4xx.o
                               0x254f (size before relaxing)
 .debug_str     0x0006540e      0x139 ./FreeRTOS/Source/portable/MemMang/heap_1.o
                              0x612ea (size before relaxing)
 .debug_str     0x00065547      0x76a ./FreeRTOS/Source/portable/GCC/ARM_CM4F/port.o
                              0x6094d (size before relaxing)
 .debug_str     0x00065cb1      0x130 ./FreeRTOS/Source/list.o
                              0x60f35 (size before relaxing)
 .debug_str     0x00065de1     0x1588 ./FreeRTOS/Source/queue.o
                              0x6329d (size before relaxing)
 .debug_str     0x00067369     0x117a ./FreeRTOS/Source/tasks.o
                              0x63b97 (size before relaxing)
 .debug_str     0x000684e3      0x390 ./FreeRTOS/Source/timers.o
                              0x6288d (size before relaxing)
 .debug_str     0x00068873      0x26c ./FreeRTOS/Settings/board/stm32f4_discovery.o
                              0x5e1fe (size before relaxing)

.debug_loc
 *(.debug_loc)

.debug_macinfo
 *(.debug_macinfo)

.debug_weaknames
 *(.debug_weaknames)

.debug_funcnames
 *(.debug_funcnames)

.debug_typenames
 *(.debug_typenames)

.debug_varnames
 *(.debug_varnames)
OUTPUT(FreeRTOS_Uart.elf elf32-littlearm)

.debug_ranges   0x00000000      0x8b0
 .debug_ranges  0x00000000       0x18 ./src/speaker/speaker.o
 .debug_ranges  0x00000018       0x20 ./src/hardware/gpio.o
 .debug_ranges  0x00000038       0x10 ./src/hardware/usart2.o
 .debug_ranges  0x00000048       0x18 ./src/UART/serial.o
 .debug_ranges  0x00000060       0x18 ./src/LED_flash/flash.o
 .debug_ranges  0x00000078       0x58 ./src/main.o
 .debug_ranges  0x000000d0       0x30 ./libs/StdPeriph/src/misc.o
 .debug_ranges  0x00000100       0x78 ./libs/StdPeriph/src/stm32f4xx_gpio.o
 .debug_ranges  0x00000178      0x1a8 ./libs/StdPeriph/src/stm32f4xx_rcc.o
 .debug_ranges  0x00000320       0xf0 ./libs/StdPeriph/src/stm32f4xx_usart.o
 .debug_ranges  0x00000410       0x28 ./libs/CMSIS/src/startup_cm.o
 .debug_ranges  0x00000438       0x18 ./libs/CMSIS/src/startup_stm32f4xx.o
 .debug_ranges  0x00000450       0x20 ./libs/CMSIS/src/system_stm32f4xx.o
 .debug_ranges  0x00000470       0x58 ./libs/CMSIS/src/vectors_stm32f4xx.o
 .debug_ranges  0x000004c8       0x28 ./FreeRTOS/Source/portable/MemMang/heap_1.o
 .debug_ranges  0x000004f0       0x88 ./FreeRTOS/Source/portable/GCC/ARM_CM4F/port.o
 .debug_ranges  0x00000578       0x30 ./FreeRTOS/Source/list.o
 .debug_ranges  0x000005a8       0xe8 ./FreeRTOS/Source/queue.o
 .debug_ranges  0x00000690      0x170 ./FreeRTOS/Source/tasks.o
 .debug_ranges  0x00000800       0x78 ./FreeRTOS/Source/timers.o
 .debug_ranges  0x00000878       0x38 ./FreeRTOS/Settings/board/stm32f4_discovery.o

.debug_macro    0x00000000    0x1322c
 .debug_macro   0x00000000      0x2b8 ./src/speaker/speaker.o
 .debug_macro   0x000002b8      0x86e ./src/speaker/speaker.o
 .debug_macro   0x00000b26       0x52 ./src/speaker/speaker.o
 .debug_macro   0x00000b78       0x16 ./src/speaker/speaker.o
 .debug_macro   0x00000b8e       0x35 ./src/speaker/speaker.o
 .debug_macro   0x00000bc3       0xa3 ./src/speaker/speaker.o
 .debug_macro   0x00000c66       0x16 ./src/speaker/speaker.o
 .debug_macro   0x00000c7c      0x10e ./src/speaker/speaker.o
 .debug_macro   0x00000d8a       0x86 ./src/speaker/speaker.o
 .debug_macro   0x00000e10       0x3a ./src/speaker/speaker.o
 .debug_macro   0x00000e4a       0x52 ./src/speaker/speaker.o
 .debug_macro   0x00000e9c       0x16 ./src/speaker/speaker.o
 .debug_macro   0x00000eb2       0x43 ./src/speaker/speaker.o
 .debug_macro   0x00000ef5      0x180 ./src/speaker/speaker.o
 .debug_macro   0x00001075       0x16 ./src/speaker/speaker.o
 .debug_macro   0x0000108b       0x29 ./src/speaker/speaker.o
 .debug_macro   0x000010b4      0x214 ./src/speaker/speaker.o
 .debug_macro   0x000012c8       0x40 ./src/speaker/speaker.o
 .debug_macro   0x00001308       0x10 ./src/speaker/speaker.o
 .debug_macro   0x00001318       0x5e ./src/speaker/speaker.o
 .debug_macro   0x00001376       0x3b ./src/speaker/speaker.o
 .debug_macro   0x000013b1       0x2d ./src/speaker/speaker.o
 .debug_macro   0x000013de       0x42 ./src/speaker/speaker.o
 .debug_macro   0x00001420      0xd39 ./src/speaker/speaker.o
 .debug_macro   0x00002159     0x8bb0 ./src/speaker/speaker.o
 .debug_macro   0x0000ad09      0x44f ./src/speaker/speaker.o
 .debug_macro   0x0000b158       0xb2 ./src/speaker/speaker.o
 .debug_macro   0x0000b20a      0x477 ./src/speaker/speaker.o
 .debug_macro   0x0000b681       0xae ./src/speaker/speaker.o
 .debug_macro   0x0000b72f      0x41c ./src/speaker/speaker.o
 .debug_macro   0x0000bb4b      0x2bc ./src/speaker/speaker.o
 .debug_macro   0x0000be07      0x2bb ./src/speaker/speaker.o
 .debug_macro   0x0000c0c2       0x64 ./src/speaker/speaker.o
 .debug_macro   0x0000c126       0xe7 ./src/speaker/speaker.o
 .debug_macro   0x0000c20d      0x62f ./src/speaker/speaker.o
 .debug_macro   0x0000c83c      0x57b ./src/speaker/speaker.o
 .debug_macro   0x0000cdb7      0x342 ./src/speaker/speaker.o
 .debug_macro   0x0000d0f9      0x36c ./src/speaker/speaker.o
 .debug_macro   0x0000d465       0xf7 ./src/speaker/speaker.o
 .debug_macro   0x0000d55c      0x73b ./src/speaker/speaker.o
 .debug_macro   0x0000dc97      0x223 ./src/speaker/speaker.o
 .debug_macro   0x0000deba       0x34 ./src/speaker/speaker.o
 .debug_macro   0x0000deee       0x82 ./src/speaker/speaker.o
 .debug_macro   0x0000df70      0x144 ./src/speaker/speaker.o
 .debug_macro   0x0000e0b4       0xc3 ./src/speaker/speaker.o
 .debug_macro   0x0000e177       0x40 ./src/speaker/speaker.o
 .debug_macro   0x0000e1b7      0x3cf ./src/speaker/speaker.o
 .debug_macro   0x0000e586      0x188 ./src/speaker/speaker.o
 .debug_macro   0x0000e70e      0x149 ./src/speaker/speaker.o
 .debug_macro   0x0000e857      0x279 ./src/speaker/speaker.o
 .debug_macro   0x0000ead0       0x35 ./src/speaker/speaker.o
 .debug_macro   0x0000eb05      0x10b ./src/speaker/speaker.o
 .debug_macro   0x0000ec10       0xb7 ./src/speaker/speaker.o
 .debug_macro   0x0000ecc7       0x12 ./src/speaker/speaker.o
 .debug_macro   0x0000ecd9       0x1f ./src/speaker/speaker.o
 .debug_macro   0x0000ecf8      0x34c ./src/speaker/speaker.o
 .debug_macro   0x0000f044       0x79 ./src/speaker/speaker.o
 .debug_macro   0x0000f0bd       0x69 ./src/speaker/speaker.o
 .debug_macro   0x0000f126       0xb0 ./src/speaker/speaker.o
 .debug_macro   0x0000f1d6      0x23f ./src/hardware/gpio.o
 .debug_macro   0x0000f415      0x16d ./src/hardware/gpio.o
 .debug_macro   0x0000f582      0x20e ./src/hardware/gpio.o
 .debug_macro   0x0000f790       0x88 ./src/hardware/gpio.o
 .debug_macro   0x0000f818      0x1ca ./src/hardware/usart2.o
 .debug_macro   0x0000f9e2       0xb0 ./src/hardware/usart2.o
 .debug_macro   0x0000fa92      0x2b8 ./src/UART/serial.o
 .debug_macro   0x0000fd4a      0x2c4 ./src/LED_flash/flash.o
 .debug_macro   0x0001000e       0x10 ./src/LED_flash/flash.o
 .debug_macro   0x0001001e      0x2ac ./src/main.o
 .debug_macro   0x000102ca       0x91 ./src/main.o
 .debug_macro   0x0001035b       0x7e ./src/main.o
 .debug_macro   0x000103d9      0x1c7 ./libs/StdPeriph/src/misc.o
 .debug_macro   0x000105a0       0x7c ./libs/StdPeriph/src/misc.o
 .debug_macro   0x0001061c      0x1c1 ./libs/StdPeriph/src/stm32f4xx_gpio.o
 .debug_macro   0x000107dd      0x2b6 ./libs/StdPeriph/src/stm32f4xx_gpio.o
 .debug_macro   0x00010a93      0x28b ./libs/StdPeriph/src/stm32f4xx_rcc.o
 .debug_macro   0x00010d1e      0x629 ./libs/StdPeriph/src/stm32f4xx_rcc.o
 .debug_macro   0x00011347      0x1d9 ./libs/StdPeriph/src/stm32f4xx_usart.o
 .debug_macro   0x00011520      0x21d ./libs/StdPeriph/src/stm32f4xx_usart.o
 .debug_macro   0x0001173d       0xa6 ./libs/CMSIS/src/startup_cm.o
 .debug_macro   0x000117e3      0x1b7 ./libs/CMSIS/src/startup_stm32f4xx.o
 .debug_macro   0x0001199a      0x1db ./libs/CMSIS/src/system_stm32f4xx.o
 .debug_macro   0x00011b75       0x11 ./libs/CMSIS/src/vectors_stm32f4xx.o
 .debug_macro   0x00011b86      0x2b1 ./FreeRTOS/Source/portable/MemMang/heap_1.o
 .debug_macro   0x00011e37      0x2cf ./FreeRTOS/Source/portable/GCC/ARM_CM4F/port.o
 .debug_macro   0x00012106      0x290 ./FreeRTOS/Source/list.o
 .debug_macro   0x00012396      0x320 ./FreeRTOS/Source/queue.o
 .debug_macro   0x000126b6      0x283 ./FreeRTOS/Source/queue.o
 .debug_macro   0x00012939       0x10 ./FreeRTOS/Source/queue.o
 .debug_macro   0x00012949       0x35 ./FreeRTOS/Source/queue.o
 .debug_macro   0x0001297e       0x1f ./FreeRTOS/Source/queue.o
 .debug_macro   0x0001299d      0x363 ./FreeRTOS/Source/tasks.o
 .debug_macro   0x00012d00       0x17 ./FreeRTOS/Source/tasks.o
 .debug_macro   0x00012d17      0x2cd ./FreeRTOS/Source/timers.o
 .debug_macro   0x00012fe4      0x1c6 ./FreeRTOS/Settings/board/stm32f4_discovery.o
 .debug_macro   0x000131aa       0x82 ./FreeRTOS/Settings/board/stm32f4_discovery.o
