14:22:16 **** Incremental Build of configuration Debug for project FreeRTOS_Uart ****
make all 
Building file: ../src/main.c
Invoking: Cross ARM C Compiler
arm-none-eabi-gcc -mcpu=cortex-m4 -mthumb -mfloat-abi=softfp -mfpu=fpv4-sp-d16 -O0 -fmessage-length=0 -fsigned-char -ffunction-sections -fdata-sections -Wall  -g3 -DSTM32F40_41xxx -DUSE_STDPERIPH_DRIVER -DHSE_VALUE=8000000 -DDEBUG -I"../include" -I"../libs/CMSIS/include" -I"../libs/StdPeriph/include" -I"../libs/misc/include" -I"/home/jerzy/workspace_stm32/FreeRTOS_Uart/FreeRTOS/Settings" -I"/home/jerzy/workspace_stm32/FreeRTOS_Uart/FreeRTOS/Source" -I"/home/jerzy/workspace_stm32/FreeRTOS_Uart/FreeRTOS/Source/include" -I"/home/jerzy/workspace_stm32/FreeRTOS_Uart/FreeRTOS/Source/portable/GCC/ARM_CM4F" -I"/home/jerzy/workspace_stm32/FreeRTOS_Uart/FreeRTOS/Settings/demo/Common" -I"/home/jerzy/workspace_stm32/FreeRTOS_Uart/FreeRTOS/Settings/demo/Common/include" -I"/home/jerzy/workspace_stm32/FreeRTOS_Uart/FreeRTOS/Settings/board" -I/home/jerzy/ARMtoolchains/gcc-arm-none-eabi-4_8-2013q4/lib/gcc/arm-none-eabi/4.8.3/include -I/home/jerzy/ARMtoolchains/gcc-arm-none-eabi-4_8-2013q4/lib/gcc/arm-none-eabi/4.8.3/include-fixed -I/home/jerzy/ARMtoolchains/gcc-arm-none-eabi-4_8-2013q4/arm-none-eabi/include -std=gnu11 -MMD -MP -MF"src/main.d" -MT"src/main.d" -c -o "src/main.o" "../src/main.c"
Finished building: ../src/main.c
 
Building target: FreeRTOS_Uart.elf
Invoking: Cross ARM C Linker
arm-none-eabi-gcc -mcpu=cortex-m4 -mthumb -mfloat-abi=softfp -mfpu=fpv4-sp-d16 -O0 -fmessage-length=0 -fsigned-char -ffunction-sections -fdata-sections -Wall  -g3 -T libs.ld -T mem.ld -T sections.ld -nostartfiles -Xlinker --gc-sections -L"../ldscripts" -Wl,-Map,"FreeRTOS_Uart.map" -o "FreeRTOS_Uart.elf"  ./src/ParTest.o ./src/flash.o ./src/main.o  ./libs/misc/src/_sbrk.o ./libs/misc/src/_write.o ./libs/misc/src/trace_impl.o  ./libs/StdPeriph/src/misc.o ./libs/StdPeriph/src/stm32f4xx_adc.o ./libs/StdPeriph/src/stm32f4xx_can.o ./libs/StdPeriph/src/stm32f4xx_crc.o ./libs/StdPeriph/src/stm32f4xx_cryp.o ./libs/StdPeriph/src/stm32f4xx_cryp_aes.o ./libs/StdPeriph/src/stm32f4xx_cryp_des.o ./libs/StdPeriph/src/stm32f4xx_cryp_tdes.o ./libs/StdPeriph/src/stm32f4xx_dac.o ./libs/StdPeriph/src/stm32f4xx_dbgmcu.o ./libs/StdPeriph/src/stm32f4xx_dcmi.o ./libs/StdPeriph/src/stm32f4xx_dma.o ./libs/StdPeriph/src/stm32f4xx_dma2d.o ./libs/StdPeriph/src/stm32f4xx_exti.o ./libs/StdPeriph/src/stm32f4xx_flash.o ./libs/StdPeriph/src/stm32f4xx_fmc.o ./libs/StdPeriph/src/stm32f4xx_fsmc.o ./libs/StdPeriph/src/stm32f4xx_gpio.o ./libs/StdPeriph/src/stm32f4xx_hash.o ./libs/StdPeriph/src/stm32f4xx_hash_md5.o ./libs/StdPeriph/src/stm32f4xx_hash_sha1.o ./libs/StdPeriph/src/stm32f4xx_i2c.o ./libs/StdPeriph/src/stm32f4xx_iwdg.o ./libs/StdPeriph/src/stm32f4xx_ltdc.o ./libs/StdPeriph/src/stm32f4xx_pwr.o ./libs/StdPeriph/src/stm32f4xx_rcc.o ./libs/StdPeriph/src/stm32f4xx_rng.o ./libs/StdPeriph/src/stm32f4xx_rtc.o ./libs/StdPeriph/src/stm32f4xx_sai.o ./libs/StdPeriph/src/stm32f4xx_sdio.o ./libs/StdPeriph/src/stm32f4xx_spi.o ./libs/StdPeriph/src/stm32f4xx_syscfg.o ./libs/StdPeriph/src/stm32f4xx_tim.o ./libs/StdPeriph/src/stm32f4xx_usart.o ./libs/StdPeriph/src/stm32f4xx_wwdg.o  ./libs/CMSIS/src/startup_cm.o ./libs/CMSIS/src/startup_stm32f4xx.o ./libs/CMSIS/src/system_stm32f4xx.o ./libs/CMSIS/src/vectors_stm32f4xx.o  ./FreeRTOS/Source/portable/MemMang/heap_1.o  ./FreeRTOS/Source/portable/GCC/ARM_CM4F/port.o  ./FreeRTOS/Source/croutine.o ./FreeRTOS/Source/event_groups.o ./FreeRTOS/Source/list.o ./FreeRTOS/Source/queue.o ./FreeRTOS/Source/tasks.o ./FreeRTOS/Source/timers.o  ./FreeRTOS/Settings/board/stm32f4_discovery.o   
Finished building target: FreeRTOS_Uart.elf
 
Invoking: Cross ARM GNU Create Flash Image
arm-none-eabi-objcopy -O binary "FreeRTOS_Uart.elf"  "FreeRTOS_Uart.bin"
Finished building: FreeRTOS_Uart.bin
 
Invoking: Cross ARM GNU Print Size
arm-none-eabi-size --format=berkeley "FreeRTOS_Uart.elf"
   text	   data	    bss	    dec	    hex	filename
  10964	     36	  77456	  88456	  15988	FreeRTOS_Uart.elf
Finished building: FreeRTOS_Uart.siz
 

14:22:16 Build Finished (took 367ms)

